Archive member included to satisfy reference by file (symbol)

c:/program files (x86)/atmel/studio/7.0/toolchain/arm/arm-gnu-toolchain/bin/../lib/gcc/arm-none-eabi/6.3.1/../../../../arm-none-eabi/lib/thumb/v7e-m\libc.a(lib_a-exit.o)
                              c:/program files (x86)/atmel/studio/7.0/toolchain/arm/arm-gnu-toolchain/bin/../lib/gcc/arm-none-eabi/6.3.1/../../../../arm-none-eabi/lib/thumb/v7e-m/crt0.o (exit)
c:/program files (x86)/atmel/studio/7.0/toolchain/arm/arm-gnu-toolchain/bin/../lib/gcc/arm-none-eabi/6.3.1/../../../../arm-none-eabi/lib/thumb/v7e-m\libc.a(lib_a-impure.o)
                              c:/program files (x86)/atmel/studio/7.0/toolchain/arm/arm-gnu-toolchain/bin/../lib/gcc/arm-none-eabi/6.3.1/../../../../arm-none-eabi/lib/thumb/v7e-m\libc.a(lib_a-exit.o) (_global_impure_ptr)
c:/program files (x86)/atmel/studio/7.0/toolchain/arm/arm-gnu-toolchain/bin/../lib/gcc/arm-none-eabi/6.3.1/../../../../arm-none-eabi/lib/thumb/v7e-m\libc.a(lib_a-init.o)
                              c:/program files (x86)/atmel/studio/7.0/toolchain/arm/arm-gnu-toolchain/bin/../lib/gcc/arm-none-eabi/6.3.1/../../../../arm-none-eabi/lib/thumb/v7e-m/crt0.o (__libc_init_array)
c:/program files (x86)/atmel/studio/7.0/toolchain/arm/arm-gnu-toolchain/bin/../lib/gcc/arm-none-eabi/6.3.1/../../../../arm-none-eabi/lib/thumb/v7e-m\libc.a(lib_a-memset.o)
                              c:/program files (x86)/atmel/studio/7.0/toolchain/arm/arm-gnu-toolchain/bin/../lib/gcc/arm-none-eabi/6.3.1/../../../../arm-none-eabi/lib/thumb/v7e-m/crt0.o (memset)
c:/program files (x86)/atmel/studio/7.0/toolchain/arm/arm-gnu-toolchain/bin/../lib/gcc/arm-none-eabi/6.3.1/../../../../arm-none-eabi/lib/thumb/v7e-m\libc.a(lib_a-__call_atexit.o)
                              c:/program files (x86)/atmel/studio/7.0/toolchain/arm/arm-gnu-toolchain/bin/../lib/gcc/arm-none-eabi/6.3.1/../../../../arm-none-eabi/lib/thumb/v7e-m\libc.a(lib_a-exit.o) (__call_exitprocs)
c:/program files (x86)/atmel/studio/7.0/toolchain/arm/arm-gnu-toolchain/bin/../lib/gcc/arm-none-eabi/6.3.1/../../../../arm-none-eabi/lib/thumb/v7e-m\libc.a(lib_a-atexit.o)
                              c:/program files (x86)/atmel/studio/7.0/toolchain/arm/arm-gnu-toolchain/bin/../lib/gcc/arm-none-eabi/6.3.1/../../../../arm-none-eabi/lib/thumb/v7e-m\libc.a(lib_a-__call_atexit.o) (atexit)
c:/program files (x86)/atmel/studio/7.0/toolchain/arm/arm-gnu-toolchain/bin/../lib/gcc/arm-none-eabi/6.3.1/../../../../arm-none-eabi/lib/thumb/v7e-m\libc.a(lib_a-fini.o)
                              c:/program files (x86)/atmel/studio/7.0/toolchain/arm/arm-gnu-toolchain/bin/../lib/gcc/arm-none-eabi/6.3.1/../../../../arm-none-eabi/lib/thumb/v7e-m\libc.a(lib_a-__call_atexit.o) (__libc_fini_array)
c:/program files (x86)/atmel/studio/7.0/toolchain/arm/arm-gnu-toolchain/bin/../lib/gcc/arm-none-eabi/6.3.1/../../../../arm-none-eabi/lib/thumb/v7e-m\libc.a(lib_a-lock.o)
                              c:/program files (x86)/atmel/studio/7.0/toolchain/arm/arm-gnu-toolchain/bin/../lib/gcc/arm-none-eabi/6.3.1/../../../../arm-none-eabi/lib/thumb/v7e-m\libc.a(lib_a-__call_atexit.o) (__retarget_lock_acquire_recursive)
c:/program files (x86)/atmel/studio/7.0/toolchain/arm/arm-gnu-toolchain/bin/../lib/gcc/arm-none-eabi/6.3.1/../../../../arm-none-eabi/lib/thumb/v7e-m\libc.a(lib_a-__atexit.o)
                              c:/program files (x86)/atmel/studio/7.0/toolchain/arm/arm-gnu-toolchain/bin/../lib/gcc/arm-none-eabi/6.3.1/../../../../arm-none-eabi/lib/thumb/v7e-m\libc.a(lib_a-atexit.o) (__register_exitproc)

Allocating common symbols
Common symbol       size              file

__lock___atexit_recursive_mutex
                    0x1               c:/program files (x86)/atmel/studio/7.0/toolchain/arm/arm-gnu-toolchain/bin/../lib/gcc/arm-none-eabi/6.3.1/../../../../arm-none-eabi/lib/thumb/v7e-m\libc.a(lib_a-lock.o)
__lock___arc4random_mutex
                    0x1               c:/program files (x86)/atmel/studio/7.0/toolchain/arm/arm-gnu-toolchain/bin/../lib/gcc/arm-none-eabi/6.3.1/../../../../arm-none-eabi/lib/thumb/v7e-m\libc.a(lib_a-lock.o)
__lock___env_recursive_mutex
                    0x1               c:/program files (x86)/atmel/studio/7.0/toolchain/arm/arm-gnu-toolchain/bin/../lib/gcc/arm-none-eabi/6.3.1/../../../../arm-none-eabi/lib/thumb/v7e-m\libc.a(lib_a-lock.o)
__lock___sinit_recursive_mutex
                    0x1               c:/program files (x86)/atmel/studio/7.0/toolchain/arm/arm-gnu-toolchain/bin/../lib/gcc/arm-none-eabi/6.3.1/../../../../arm-none-eabi/lib/thumb/v7e-m\libc.a(lib_a-lock.o)
__lock___malloc_recursive_mutex
                    0x1               c:/program files (x86)/atmel/studio/7.0/toolchain/arm/arm-gnu-toolchain/bin/../lib/gcc/arm-none-eabi/6.3.1/../../../../arm-none-eabi/lib/thumb/v7e-m\libc.a(lib_a-lock.o)
pio_capture_enable_flag
                    0x4               src/ASF/sam/drivers/pio/pio.o
__lock___at_quick_exit_mutex
[...]
Memory Configuration

Name             Origin             Length             Attributes
rom              0x00400000         0x00200000         xr
ram              0x20400000         0x00060000         xrw
*default*        0x00000000         0xffffffff

Linker script and memory map

LOAD c:/program files (x86)/atmel/studio/7.0/toolchain/arm/arm-gnu-toolchain/bin/../lib/gcc/arm-none-eabi/6.3.1/thumb/v7e-m/crti.o
LOAD c:/program files (x86)/atmel/studio/7.0/toolchain/arm/arm-gnu-toolchain/bin/../lib/gcc/arm-none-eabi/6.3.1/thumb/v7e-m/crtbegin.o
LOAD c:/program files (x86)/atmel/studio/7.0/toolchain/arm/arm-gnu-toolchain/bin/../lib/gcc/arm-none-eabi/6.3.1/../../../../arm-none-eabi/lib/thumb/v7e-m/crt0.o
LOAD src/ASF/sam/drivers/rtt/rtt.o
LOAD src/ASF/sam/drivers/spi/spi.o
LOAD src/ASF/sam/drivers/tc/tc.o
LOAD src/oled/gfx_mono_framebuffer.o
LOAD src/oled/gfx_mono_generic.o
LOAD src/oled/gfx_mono_text.o
LOAD src/oled/gfx_mono_ug_2832hsweg04.o
LOAD src/oled/ssd1306.o
LOAD src/oled/sysfont.o
LOAD src/ASF/common/services/delay/sam/cycle_counter.o
LOAD src/ASF/common/services/clock/same70/sysclk.o
LOAD src/ASF/common/utils/interrupt/interrupt_sam_nvic.o
LOAD src/ASF/sam/boards/same70_xplained/init.o
LOAD src/ASF/sam/drivers/mpu/mpu.o
LOAD src/ASF/sam/drivers/pio/pio.o
LOAD src/ASF/sam/drivers/pio/pio_handler.o
LOAD src/ASF/sam/drivers/pmc/pmc.o
LOAD src/ASF/sam/drivers/pmc/sleep.o
LOAD src/ASF/sam/utils/cmsis/same70/source/templates/gcc/startup_same70.o
LOAD src/ASF/sam/utils/cmsis/same70/source/templates/system_same70.o
LOAD src/ASF/sam/utils/syscalls/gcc/syscalls.o
LOAD src/main.o
START GROUP
LOAD ../src/ASF/thirdparty/CMSIS/Lib/GCC\libarm_cortexM7lfsp_math_softfp.a
LOAD c:/program files (x86)/atmel/studio/7.0/toolchain/arm/arm-gnu-toolchain/bin/../lib/gcc/arm-none-eabi/6.3.1/../../../../arm-none-eabi/lib/thumb/v7e-m\libm.a
END GROUP
START GROUP
LOAD c:/program files (x86)/atmel/studio/7.0/toolchain/arm/arm-gnu-toolchain/bin/../lib/gcc/arm-none-eabi/6.3.1/thumb/v7e-m\libgcc.a
LOAD c:/program files (x86)/atmel/studio/7.0/toolchain/arm/arm-gnu-toolchain/bin/../lib/gcc/arm-none-eabi/6.3.1/../../../../arm-none-eabi/lib/thumb/v7e-m\libc.a
END GROUP
LOAD c:/program files (x86)/atmel/studio/7.0/toolchain/arm/arm-gnu-toolchain/bin/../lib/gcc/arm-none-eabi/6.3.1/thumb/v7e-m/crtend.o
LOAD c:/program files (x86)/atmel/studio/7.0/toolchain/arm/arm-gnu-toolchain/bin/../lib/gcc/arm-none-eabi/6.3.1/thumb/v7e-m/crtn.o
                0x00002000                STACK_SIZE = DEFINED (STACK_SIZE)?STACK_SIZE:0x2000
                0x2045fffc                __ram_end__ = ((ORIGIN (ram) + LENGTH (ram)) - 0x4)
                0x00000200                HEAP_SIZE = DEFINED (HEAP_SIZE)?HEAP_SIZE:0x200

.text           0x00400000     0x25c0
                0x00400000                . = ALIGN (0x4)
                0x00400000                _sfixed = .
 *(.vectors .vectors.*)
 .vectors       0x00400000      0x140 src/ASF/sam/utils/cmsis/same70/source/templates/gcc/startup_same70.o
                0x00400000                exception_table
 *(.text .text.* .gnu.linkonce.t.*)
 .text          0x00400140       0x6c c:/program files (x86)/atmel/studio/7.0/toolchain/arm/arm-gnu-toolchain/bin/../lib/gcc/arm-none-eabi/6.3.1/thumb/v7e-m/crtbegin.o
 .text.rtt_init
                0x004001ac       0x14 src/ASF/sam/drivers/rtt/rtt.o
                0x004001ac                rtt_init
 .text.rtt_sel_source
                0x004001c0       0x2c src/ASF/sam/drivers/rtt/rtt.o
                0x004001c0                rtt_sel_source
 .text.rtt_enable_interrupt
                0x004001ec       0x14 src/ASF/sam/drivers/rtt/rtt.o
                0x004001ec                rtt_enable_interrupt
 .text.rtt_disable_interrupt
                0x00400200       0x14 src/ASF/sam/drivers/rtt/rtt.o
                0x00400200                rtt_disable_interrupt
 .text.rtt_read_timer_value
                0x00400214       0x14 src/ASF/sam/drivers/rtt/rtt.o
                0x00400214                rtt_read_timer_value
 .text.rtt_get_status
                0x00400228        0x4 src/ASF/sam/drivers/rtt/rtt.o
                0x00400228                rtt_get_status
 .text.rtt_write_alarm_time
                0x0040022c       0x44 src/ASF/sam/drivers/rtt/rtt.o
                0x0040022c                rtt_write_alarm_time
 .text.spi_enable_clock
                0x00400270       0x2c src/ASF/sam/drivers/spi/spi.o
                0x00400270                spi_enable_clock
 .text.spi_set_peripheral_chip_select_value
                0x0040029c       0x16 src/ASF/sam/drivers/spi/spi.o
                0x0040029c                spi_set_peripheral_chip_select_value
 .text.spi_write
                0x004002b2       0x34 src/ASF/sam/drivers/spi/spi.o
                0x004002b2                spi_write
 .text.spi_set_clock_polarity
                0x004002e6       0x1e src/ASF/sam/drivers/spi/spi.o
                0x004002e6                spi_set_clock_polarity
 .text.spi_set_clock_phase
                0x00400304       0x1e src/ASF/sam/drivers/spi/spi.o
                0x00400304                spi_set_clock_phase
 .text.spi_configure_cs_behavior
                0x00400322       0x46 src/ASF/sam/drivers/spi/spi.o
                0x00400322                spi_configure_cs_behavior
 .text.spi_set_bits_per_transfer
                0x00400368       0x14 src/ASF/sam/drivers/spi/spi.o
                0x00400368                spi_set_bits_per_transfer
 .text.spi_calc_baudrate_div
                0x0040037c       0x16 src/ASF/sam/drivers/spi/spi.o
                0x0040037c                spi_calc_baudrate_div
 .text.spi_set_baudrate_div
                0x00400392       0x28 src/ASF/sam/drivers/spi/spi.o
                0x00400392                spi_set_baudrate_div
 .text.tc_init  0x004003ba       0x1a src/ASF/sam/drivers/tc/tc.o
                0x004003ba                tc_init
 .text.tc_start
                0x004003d4        0x8 src/ASF/sam/drivers/tc/tc.o
                0x004003d4                tc_start
 .text.tc_write_rc
                0x004003dc        0x8 src/ASF/sam/drivers/tc/tc.o
                0x004003dc                tc_write_rc
 .text.tc_enable_interrupt
                0x004003e4        0x8 src/ASF/sam/drivers/tc/tc.o
                0x004003e4                tc_enable_interrupt
 .text.tc_get_status
                0x004003ec        0x8 src/ASF/sam/drivers/tc/tc.o
                0x004003ec                tc_get_status
 .text.tc_find_mck_divisor
                0x004003f4       0x70 src/ASF/sam/drivers/tc/tc.o
                0x004003f4                tc_find_mck_divisor
 .text.gfx_mono_set_framebuffer
                0x00400464        0xc src/oled/gfx_mono_framebuffer.o
                0x00400464                gfx_mono_set_framebuffer
 .text.gfx_mono_framebuffer_put_byte
                0x00400470       0x10 src/oled/gfx_mono_framebuffer.o
                0x00400470                gfx_mono_framebuffer_put_byte
 .text.gfx_mono_framebuffer_get_byte
                0x00400480       0x10 src/oled/gfx_mono_framebuffer.o
                0x00400480                gfx_mono_framebuffer_get_byte
 .text.gfx_mono_generic_draw_horizontal_line
                0x00400490       0xd0 src/oled/gfx_mono_generic.o
                0x00400490                gfx_mono_generic_draw_horizontal_line
 .text.gfx_mono_generic_draw_filled_rect
                0x00400560       0x38 src/oled/gfx_mono_generic.o
                0x00400560                gfx_mono_generic_draw_filled_rect
 .text.gfx_mono_draw_char
                0x00400598       0xac src/oled/gfx_mono_text.o
                0x00400598                gfx_mono_draw_char
 .text.gfx_mono_draw_string
                0x00400644       0x48 src/oled/gfx_mono_text.o
                0x00400644                gfx_mono_draw_string
 .text.gfx_mono_ssd1306_put_byte
                0x0040068c       0x50 src/oled/gfx_mono_ug_2832hsweg04.o
                0x0040068c                gfx_mono_ssd1306_put_byte
 .text.gfx_mono_ssd1306_init
                0x004006dc       0x50 src/oled/gfx_mono_ug_2832hsweg04.o
                0x004006dc                gfx_mono_ssd1306_init
 .text.gfx_mono_ssd1306_draw_pixel
                0x0040072c       0x64 src/oled/gfx_mono_ug_2832hsweg04.o
                0x0040072c                gfx_mono_ssd1306_draw_pixel
 .text.gfx_mono_ssd1306_get_byte
                0x00400790        0xc src/oled/gfx_mono_ug_2832hsweg04.o
                0x00400790                gfx_mono_ssd1306_get_byte
 .text.ssd1306_write_command
                0x0040079c       0x40 src/oled/ssd1306.o
                0x0040079c                ssd1306_write_command
 .text.ssd1306_init
                0x004007dc      0x1e0 src/oled/ssd1306.o
                0x004007dc                ssd1306_init
 .text.ssd1306_write_data
                0x004009bc       0x40 src/oled/ssd1306.o
                0x004009bc                ssd1306_write_data
 .text.sysclk_init
                0x004009fc       0x70 src/ASF/common/services/clock/same70/sysclk.o
                0x004009fc                sysclk_init
 .text.board_init
                0x00400a6c      0x140 src/ASF/sam/boards/same70_xplained/init.o
                0x00400a6c                board_init
 .text.pio_set  0x00400bac        0x4 src/ASF/sam/drivers/pio/pio.o
                0x00400bac                pio_set
 .text.pio_clear
                0x00400bb0        0x4 src/ASF/sam/drivers/pio/pio.o
                0x00400bb0                pio_clear
 .text.pio_set_peripheral
                0x00400bb4       0x92 src/ASF/sam/drivers/pio/pio.o
                0x00400bb4                pio_set_peripheral
 .text.pio_set_input
                0x00400c46       0x36 src/ASF/sam/drivers/pio/pio.o
                0x00400c46                pio_set_input
 .text.pio_set_output
                0x00400c7c       0x28 src/ASF/sam/drivers/pio/pio.o
                0x00400c7c                pio_set_output
 .text.pio_configure
                0x00400ca4       0x90 src/ASF/sam/drivers/pio/pio.o
                0x00400ca4                pio_configure
 .text.pio_get_output_data_status
                0x00400d34        0xc src/ASF/sam/drivers/pio/pio.o
                0x00400d34                pio_get_output_data_status
 .text.pio_configure_interrupt
                0x00400d40       0x32 src/ASF/sam/drivers/pio/pio.o
                0x00400d40                pio_configure_interrupt
 .text.pio_enable_interrupt
                0x00400d72        0x4 src/ASF/sam/drivers/pio/pio.o
                0x00400d72                pio_enable_interrupt
 .text.pio_get_interrupt_status
                0x00400d76        0x4 src/ASF/sam/drivers/pio/pio.o
                0x00400d76                pio_get_interrupt_status
 .text.pio_get_interrupt_mask
                0x00400d7a        0x4 src/ASF/sam/drivers/pio/pio.o
                0x00400d7a                pio_get_interrupt_mask
 *fill*         0x00400d7e        0x2 
 .text.pio_handler_process
                0x00400d80       0x50 src/ASF/sam/drivers/pio/pio_handler.o
                0x00400d80                pio_handler_process
 .text.pio_handler_set
                0x00400dd0       0x70 src/ASF/sam/drivers/pio/pio_handler.o
                0x00400dd0                pio_handler_set
 .text.PIOA_Handler
                0x00400e40       0x14 src/ASF/sam/drivers/pio/pio_handler.o
                0x00400e40                PIOA_Handler
 .text.PIOB_Handler
                0x00400e54       0x14 src/ASF/sam/drivers/pio/pio_handler.o
                0x00400e54                PIOB_Handler
 .text.PIOC_Handler
                0x00400e68       0x14 src/ASF/sam/drivers/pio/pio_handler.o
                0x00400e68                PIOC_Handler
 .text.PIOD_Handler
                0x00400e7c       0x14 src/ASF/sam/drivers/pio/pio_handler.o
                0x00400e7c                PIOD_Handler
 .text.PIOE_Handler
                0x00400e90       0x14 src/ASF/sam/drivers/pio/pio_handler.o
                0x00400e90                PIOE_Handler
 .text.pmc_mck_set_division
                0x00400ea4       0x38 src/ASF/sam/drivers/pmc/pmc.o
                0x00400ea4                pmc_mck_set_division
 .text.pmc_switch_mck_to_pllack
                0x00400edc       0x64 src/ASF/sam/drivers/pmc/pmc.o
                0x00400edc                pmc_switch_mck_to_pllack
 .text.pmc_switch_mainck_to_xtal
                0x00400f40       0x54 src/ASF/sam/drivers/pmc/pmc.o
                0x00400f40                pmc_switch_mainck_to_xtal
 .text.pmc_osc_is_ready_mainck
                0x00400f94       0x10 src/ASF/sam/drivers/pmc/pmc.o
                0x00400f94                pmc_osc_is_ready_mainck
 .text.pmc_disable_pllack
                0x00400fa4       0x10 src/ASF/sam/drivers/pmc/pmc.o
                0x00400fa4                pmc_disable_pllack
 .text.pmc_is_locked_pllack
                0x00400fb4       0x10 src/ASF/sam/drivers/pmc/pmc.o
                0x00400fb4                pmc_is_locked_pllack
 .text.pmc_enable_periph_clk
                0x00400fc4       0x54 src/ASF/sam/drivers/pmc/pmc.o
                0x00400fc4                pmc_enable_periph_clk
 .text.pmc_set_flash_in_wait_mode
                0x00401018        0x2 src/ASF/sam/drivers/pmc/pmc.o
                0x00401018                pmc_set_flash_in_wait_mode
 *fill*         0x0040101a        0x2 
 .text.pmc_enable_waitmode
                0x0040101c       0x4c src/ASF/sam/drivers/pmc/pmc.o
                0x0040101c                pmc_enable_waitmode
 .text.pmc_sleep
                0x00401068      0x274 src/ASF/sam/drivers/pmc/sleep.o
                0x00401068                pmc_sleep
 .text.Dummy_Handler
                0x004012dc        0x2 src/ASF/sam/utils/cmsis/same70/source/templates/gcc/startup_same70.o
                0x004012dc                DACC_Handler
                0x004012dc                DebugMon_Handler
                0x004012dc                UART3_Handler
                0x004012dc                UART2_Handler
                0x004012dc                TRNG_Handler
                0x004012dc                HardFault_Handler
                0x004012dc                SysTick_Handler
                0x004012dc                AFEC1_Handler
                0x004012dc                PendSV_Handler
                0x004012dc                NMI_Handler
                0x004012dc                TC7_Handler
                0x004012dc                QSPI_Handler
                0x004012dc                ISI_Handler
                0x004012dc                TC9_Handler
                0x004012dc                RSWDT_Handler
                0x004012dc                MCAN1_Handler
                0x004012dc                USART0_Handler
                0x004012dc                USBHS_Handler
                0x004012dc                RTC_Handler
                0x004012dc                UsageFault_Handler
                0x004012dc                TC6_Handler
                0x004012dc                WDT_Handler
                0x004012dc                TC4_Handler
                0x004012dc                HSMCI_Handler
                0x004012dc                UART1_Handler
                0x004012dc                TC3_Handler
                0x004012dc                Dummy_Handler
                0x004012dc                TWIHS1_Handler
                0x004012dc                XDMAC_Handler
                0x004012dc                UART4_Handler
                0x004012dc                PWM1_Handler
                0x004012dc                USART1_Handler
                0x004012dc                PWM0_Handler
                0x004012dc                AFEC0_Handler
                0x004012dc                SSC_Handler
                0x004012dc                TC11_Handler
                0x004012dc                ACC_Handler
                0x004012dc                PMC_Handler
                0x004012dc                GMAC_Handler
                0x004012dc                MemManage_Handler
                0x004012dc                SUPC_Handler
                0x004012dc                SVC_Handler
                0x004012dc                TC8_Handler
                0x004012dc                EFC_Handler
                0x004012dc                USART2_Handler
                0x004012dc                SDRAMC_Handler
                0x004012dc                SPI1_Handler
                0x004012dc                MCAN0_Handler
                0x004012dc                TC10_Handler
                0x004012dc                TWIHS2_Handler
                0x004012dc                UART0_Handler
                0x004012dc                BusFault_Handler
                0x004012dc                RSTC_Handler
                0x004012dc                TC5_Handler
                0x004012dc                ICM_Handler
                0x004012dc                AES_Handler
                0x004012dc                TWIHS0_Handler
                0x004012dc                SPI0_Handler
 *fill*         0x004012de        0x2 
 .text.Reset_Handler
                0x004012e0       0xc8 src/ASF/sam/utils/cmsis/same70/source/templates/gcc/startup_same70.o
                0x004012e0                Reset_Handler
 .text.SystemCoreClockUpdate
                0x004013a8      0x10c src/ASF/sam/utils/cmsis/same70/source/templates/system_same70.o
                0x004013a8                SystemCoreClockUpdate
 .text.system_init_flash
                0x004014b4       0x8c src/ASF/sam/utils/cmsis/same70/source/templates/system_same70.o
                0x004014b4                system_init_flash
 .text.left_callback
                0x00401540       0x14 src/main.o
                0x00401540                left_callback
 .text.center_callback
                0x00401554       0x14 src/main.o
                0x00401554                center_callback
 .text.right_callback
                0x00401568       0x14 src/main.o
                0x00401568                right_callback
 .text.toggle_led
                0x0040157c       0x2c src/main.o
                0x0040157c                toggle_led
 .text.TC_init  0x004015a8       0x94 src/main.o
                0x004015a8                TC_init
 .text.TC0_Handler
                0x0040163c       0x28 src/main.o
                0x0040163c                TC0_Handler
 .text.TC1_Handler
                0x00401664       0x28 src/main.o
                0x00401664                TC1_Handler
 .text.TC2_Handler
                0x0040168c       0x28 src/main.o
                0x0040168c                TC2_Handler
 .text.RTT_Handler
                0x004016b4       0x28 src/main.o
                0x004016b4                RTT_Handler
 .text.RTT_init
                0x004016dc       0x74 src/main.o
                0x004016dc                RTT_init
 .text.init     0x00401750      0x174 src/main.o
                0x00401750                init
 .text.main     0x004018c4      0x10c src/main.o
                0x004018c4                main
 .text.__libc_init_array
                0x004019d0       0x50 c:/program files (x86)/atmel/studio/7.0/toolchain/arm/arm-gnu-toolchain/bin/../lib/gcc/arm-none-eabi/6.3.1/../../../../arm-none-eabi/lib/thumb/v7e-m\libc.a(lib_a-init.o)
                0x004019d0                __libc_init_array
 .text.startup.register_fini
                0x00401a20       0x14 c:/program files (x86)/atmel/studio/7.0/toolchain/arm/arm-gnu-toolchain/bin/../lib/gcc/arm-none-eabi/6.3.1/../../../../arm-none-eabi/lib/thumb/v7e-m\libc.a(lib_a-__call_atexit.o)
 .text.atexit   0x00401a34        0xc c:/program files (x86)/atmel/studio/7.0/toolchain/arm/arm-gnu-toolchain/bin/../lib/gcc/arm-none-eabi/6.3.1/../../../../arm-none-eabi/lib/thumb/v7e-m\libc.a(lib_a-atexit.o)
                0x00401a34                atexit
 .text.__libc_fini_array
                0x00401a40       0x34 c:/program files (x86)/atmel/studio/7.0/toolchain/arm/arm-gnu-toolchain/bin/../lib/gcc/arm-none-eabi/6.3.1/../../../../arm-none-eabi/lib/thumb/v7e-m\libc.a(lib_a-fini.o)
                0x00401a40                __libc_fini_array
 .text.__retarget_lock_acquire_recursive
                0x00401a74        0x4 c:/program files (x86)/atmel/studio/7.0/toolchain/arm/arm-gnu-toolchain/bin/../lib/gcc/arm-none-eabi/6.3.1/../../../../arm-none-eabi/lib/thumb/v7e-m\libc.a(lib_a-lock.o)
                0x00401a74                __retarget_lock_acquire_recursive
 .text.__retarget_lock_release_recursive
                0x00401a78        0x4 c:/program files (x86)/atmel/studio/7.0/toolchain/arm/arm-gnu-toolchain/bin/../lib/gcc/arm-none-eabi/6.3.1/../../../../arm-none-eabi/lib/thumb/v7e-m\libc.a(lib_a-lock.o)
                0x00401a78                __retarget_lock_release_recursive
 .text.__register_exitproc
                0x00401a7c       0xc4 c:/program files (x86)/atmel/studio/7.0/toolchain/arm/arm-gnu-toolchain/bin/../lib/gcc/arm-none-eabi/6.3.1/../../../../arm-none-eabi/lib/thumb/v7e-m\libc.a(lib_a-__atexit.o)
                0x00401a7c                __register_exitproc
 *(.glue_7t)
 .glue_7t       0x00401b40        0x0 linker stubs
 *(.glue_7)
 .glue_7        0x00401b40        0x0 linker stubs
 *(.rodata .rodata* .gnu.linkonce.r.*)
 .rodata.sysfont_glyphs
                0x00401b40      0xa48 src/oled/sysfont.o
 .rodata.main.str1.4
                0x00402588       0x10 src/main.o
                                  0xd (size before relaxing)
 .rodata._global_impure_ptr
                0x00402598        0x4 c:/program files (x86)/atmel/studio/7.0/toolchain/arm/arm-gnu-toolchain/bin/../lib/gcc/arm-none-eabi/6.3.1/../../../../arm-none-eabi/lib/thumb/v7e-m\libc.a(lib_a-impure.o)
                0x00402598                _global_impure_ptr
 *(.ARM.extab* .gnu.linkonce.armextab.*)
                0x0040259c                . = ALIGN (0x4)
 *(.init)
 .init          0x0040259c        0x4 c:/program files (x86)/atmel/studio/7.0/toolchain/arm/arm-gnu-toolchain/bin/../lib/gcc/arm-none-eabi/6.3.1/thumb/v7e-m/crti.o
                0x0040259c                _init
 .init          0x004025a0        0x8 c:/program files (x86)/atmel/studio/7.0/toolchain/arm/arm-gnu-toolchain/bin/../lib/gcc/arm-none-eabi/6.3.1/thumb/v7e-m/crtn.o
                0x004025a8                . = ALIGN (0x4)
                0x004025a8                __preinit_array_start = .
 *(.preinit_array)
                0x004025a8                __preinit_array_end = .
                0x004025a8                . = ALIGN (0x4)
                0x004025a8                __init_array_start = .
 *(SORT(.init_array.*))
 .init_array.00000
                0x004025a8        0x4 c:/program files (x86)/atmel/studio/7.0/toolchain/arm/arm-gnu-toolchain/bin/../lib/gcc/arm-none-eabi/6.3.1/../../../../arm-none-eabi/lib/thumb/v7e-m\libc.a(lib_a-__call_atexit.o)
 *(.init_array)
 .init_array    0x004025ac        0x4 c:/program files (x86)/atmel/studio/7.0/toolchain/arm/arm-gnu-toolchain/bin/../lib/gcc/arm-none-eabi/6.3.1/thumb/v7e-m/crtbegin.o
                0x004025b0                __init_array_end = .
                0x004025b0                . = ALIGN (0x4)
 *crtbegin.o(.ctors)
 *(EXCLUDE_FILE(*crtend.o) .ctors)
 *(SORT(.ctors.*))
 *crtend.o(.ctors)
                0x004025b0                . = ALIGN (0x4)
 *(.fini)
 .fini          0x004025b0        0x4 c:/program files (x86)/atmel/studio/7.0/toolchain/arm/arm-gnu-toolchain/bin/../lib/gcc/arm-none-eabi/6.3.1/thumb/v7e-m/crti.o
                0x004025b0                _fini
 .fini          0x004025b4        0x8 c:/program files (x86)/atmel/studio/7.0/toolchain/arm/arm-gnu-toolchain/bin/../lib/gcc/arm-none-eabi/6.3.1/thumb/v7e-m/crtn.o
                0x004025bc                . = ALIGN (0x4)
                0x004025bc                __fini_array_start = .
 *(.fini_array)
 .fini_array    0x004025bc        0x4 c:/program files (x86)/atmel/studio/7.0/toolchain/arm/arm-gnu-toolchain/bin/../lib/gcc/arm-none-eabi/6.3.1/thumb/v7e-m/crtbegin.o
 *(SORT(.fini_array.*))
                0x004025c0                __fini_array_end = .
 *crtbegin.o(.dtors)
 *(EXCLUDE_FILE(*crtend.o) .dtors)
 *(SORT(.dtors.*))
 *crtend.o(.dtors)
                0x004025c0                . = ALIGN (0x4)
                0x004025c0                _efixed = .
                [!provide]                PROVIDE (__exidx_start, .)

.vfp11_veneer   0x004025c0        0x0
 .vfp11_veneer  0x004025c0        0x0 linker stubs

.v4_bx          0x004025c0        0x0
 .v4_bx         0x004025c0        0x0 linker stubs

.iplt           0x004025c0        0x0
 .iplt          0x004025c0        0x0 c:/program files (x86)/atmel/studio/7.0/toolchain/arm/arm-gnu-toolchain/bin/../lib/gcc/arm-none-eabi/6.3.1/thumb/v7e-m/crtbegin.o

.eh_frame       0x004025c0        0x0
 .eh_frame      0x004025c0        0x0 c:/program files (x86)/atmel/studio/7.0/toolchain/arm/arm-gnu-toolchain/bin/../lib/gcc/arm-none-eabi/6.3.1/thumb/v7e-m/crtbegin.o

.rel.dyn        0x004025c0        0x0
 .rel.iplt      0x004025c0        0x0 c:/program files (x86)/atmel/studio/7.0/toolchain/arm/arm-gnu-toolchain/bin/../lib/gcc/arm-none-eabi/6.3.1/thumb/v7e-m/crtbegin.o

.jcr            0x004025c0        0x0
 .jcr           0x004025c0        0x0 c:/program files (x86)/atmel/studio/7.0/toolchain/arm/arm-gnu-toolchain/bin/../lib/gcc/arm-none-eabi/6.3.1/thumb/v7e-m/crtbegin.o

.igot.plt       0x004025c0        0x0
 .igot.plt      0x004025c0        0x0 c:/program files (x86)/atmel/studio/7.0/toolchain/arm/arm-gnu-toolchain/bin/../lib/gcc/arm-none-eabi/6.3.1/thumb/v7e-m/crtbegin.o

.ARM.exidx
 *(.ARM.exidx* .gnu.linkonce.armexidx.*)
                [!provide]                PROVIDE (__exidx_end, .)
                0x004025c0                . = ALIGN (0x4)
                0x004025c0                _etext = .

.relocate       0x20400000      0x44c load address 0x004025c0
                0x20400000                . = ALIGN (0x4)
                0x20400000                _srelocate = .
 *(.ramfunc .ramfunc.*)
 .ramfunc       0x20400000        0xa src/ASF/common/services/delay/sam/cycle_counter.o
                0x20400000                portable_delay_cycles
 *(.data .data.*)
 *fill*         0x2040000a        0x2 
 .data.sysfont  0x2040000c        0xc src/oled/sysfont.o
                0x2040000c                sysfont
 .data.g_interrupt_enabled
                0x20400018        0x1 src/ASF/common/utils/interrupt/interrupt_sam_nvic.o
                0x20400018                g_interrupt_enabled
 *fill*         0x20400019        0x3 
 .data.SystemCoreClock
                0x2040001c        0x4 src/ASF/sam/utils/cmsis/same70/source/templates/system_same70.o
                0x2040001c                SystemCoreClock
 .data.impure_data
                0x20400020      0x428 c:/program files (x86)/atmel/studio/7.0/toolchain/arm/arm-gnu-toolchain/bin/../lib/gcc/arm-none-eabi/6.3.1/../../../../arm-none-eabi/lib/thumb/v7e-m\libc.a(lib_a-impure.o)
 .data.__atexit_recursive_mutex
                0x20400448        0x4 c:/program files (x86)/atmel/studio/7.0/toolchain/arm/arm-gnu-toolchain/bin/../lib/gcc/arm-none-eabi/6.3.1/../../../../arm-none-eabi/lib/thumb/v7e-m\libc.a(lib_a-__call_atexit.o)
                0x20400448                __atexit_recursive_mutex
                0x2040044c                . = ALIGN (0x4)
                0x2040044c                _erelocate = .

.bss            0x2040044c      0x2cc load address 0x00402a0c
                0x2040044c                . = ALIGN (0x4)
                0x2040044c                _sbss = .
                0x2040044c                _szero = .
 *(.bss .bss.*)
 .bss           0x2040044c       0x1c c:/program files (x86)/atmel/studio/7.0/toolchain/arm/arm-gnu-toolchain/bin/../lib/gcc/arm-none-eabi/6.3.1/thumb/v7e-m/crtbegin.o
 .bss.g_wobits_in_rtt_mr
                0x20400468        0x4 src/ASF/sam/drivers/rtt/rtt.o
 .bss.fbpointer
                0x2040046c        0x4 src/oled/gfx_mono_framebuffer.o
 .bss.framebuffer
                0x20400470      0x200 src/oled/gfx_mono_ug_2832hsweg04.o
 .bss.gs_interrupt_sources
                0x20400670       0x70 src/ASF/sam/drivers/pio/pio_handler.o
 .bss.gs_ul_nb_sources
                0x204006e0        0x4 src/ASF/sam/drivers/pio/pio_handler.o
 .bss.b_is_sleep_clock_used
                0x204006e4        0x1 src/ASF/sam/drivers/pmc/sleep.o
 *fill*         0x204006e5        0x3 
 .bss.callback_clocks_restored
                0x204006e8        0x4 src/ASF/sam/drivers/pmc/sleep.o
 .bss.authorize
                0x204006ec        0x1 src/main.o
                0x204006ec                authorize
 .bss.flag_center
                0x204006ed        0x1 src/main.o
                0x204006ed                flag_center
 .bss.flag_left
                0x204006ee        0x1 src/main.o
                0x204006ee                flag_left
 .bss.flag_right
                0x204006ef        0x1 src/main.o
                0x204006ef                flag_right
 .bss.flag_rtt  0x204006f0        0x1 src/main.o
                0x204006f0                flag_rtt
 .bss.flag_tc_center
                0x204006f1        0x1 src/main.o
                0x204006f1                flag_tc_center
 .bss.flag_tc_left
                0x204006f2        0x1 src/main.o
                0x204006f2                flag_tc_left
 .bss.flag_tc_right
                0x204006f3        0x1 src/main.o
                0x204006f3                flag_tc_right
 *(COMMON)
 COMMON         0x204006f4       0x21 c:/program files (x86)/atmel/studio/7.0/toolchain/arm/arm-gnu-toolchain/bin/../lib/gcc/arm-none-eabi/6.3.1/../../../../arm-none-eabi/lib/thumb/v7e-m\libc.a(lib_a-lock.o)
                0x204006f4                __lock___atexit_recursive_mutex
                0x204006f8                __lock___arc4random_mutex
                0x204006fc                __lock___env_recursive_mutex
                0x20400700                __lock___sinit_recursive_mutex
                0x20400704                __lock___malloc_recursive_mutex
                0x20400708                __lock___at_quick_exit_mutex
                0x2040070c                __lock___dd_hash_mutex
                0x20400710                __lock___tz_mutex
                0x20400714                __lock___sfp_recursive_mutex
                0x20400718                . = ALIGN (0x4)
 *fill*         0x20400715        0x3 
                0x20400718                _ebss = .
                0x20400718                _ezero = .

.stack          0x20400718     0x2000 load address 0x00402cd8
                0x20400718                . = ALIGN (0x8)
                0x20400718                _sstack = .
                0x20402718                . = (. + STACK_SIZE)
 *fill*         0x20400718     0x2000 
                0x20402718                . = ALIGN (0x8)
                0x20402718                _estack = .

.heap           0x20402718      0x200 load address 0x00404cd8
                0x20402718                . = ALIGN (0x8)
                0x20402718                _sheap = .
                0x20402918                . = (. + HEAP_SIZE)
 *fill*         0x20402718      0x200 
                0x20402918                . = ALIGN (0x8)
                0x20402918                _eheap = .
                0x20402918                . = ALIGN (0x4)
                0x20402918                _end = .
                0x2045ffff                _ram_end_ = ((ORIGIN (ram) + LENGTH (ram)) - 0x1)
OUTPUT(OLED1.elf elf32-littlearm)

.ARM.attributes
                0x00000000       0x2e
 .ARM.attributes
                0x00000000       0x1e c:/program files (x86)/atmel/studio/7.0/toolchain/arm/arm-gnu-toolchain/bin/../lib/gcc/arm-none-eabi/6.3.1/thumb/v7e-m/crti.o
 .ARM.attributes
                0x0000001e       0x2e c:/program files (x86)/atmel/studio/7.0/toolchain/arm/arm-gnu-toolchain/bin/../lib/gcc/arm-none-eabi/6.3.1/thumb/v7e-m/crtbegin.o
 .ARM.attributes
                0x0000004c       0x37 src/ASF/sam/drivers/rtt/rtt.o
 .ARM.attributes
                0x00000083       0x37 src/ASF/sam/drivers/spi/spi.o
 .ARM.attributes
                0x000000ba       0x37 src/ASF/sam/drivers/tc/tc.o
 .ARM.attributes
                0x000000f1       0x37 src/oled/gfx_mono_framebuffer.o
 .ARM.attributes
                0x00000128       0x37 src/oled/gfx_mono_generic.o
 .ARM.attributes
                0x0000015f       0x37 src/oled/gfx_mono_text.o
 .ARM.attributes
                0x00000196       0x37 src/oled/gfx_mono_ug_2832hsweg04.o
 .ARM.attributes
                0x000001cd       0x37 src/oled/ssd1306.o
 .ARM.attributes
                0x00000204       0x37 src/oled/sysfont.o
 .ARM.attributes
                0x0000023b       0x37 src/ASF/common/services/delay/sam/cycle_counter.o
 .ARM.attributes
                0x00000272       0x37 src/ASF/common/services/clock/same70/sysclk.o
 .ARM.attributes
                0x000002a9       0x37 src/ASF/common/utils/interrupt/interrupt_sam_nvic.o
 .ARM.attributes
                0x000002e0       0x37 src/ASF/sam/boards/same70_xplained/init.o
 .ARM.attributes
                0x00000317       0x37 src/ASF/sam/drivers/pio/pio.o
 .ARM.attributes
                0x0000034e       0x37 src/ASF/sam/drivers/pio/pio_handler.o
 .ARM.attributes
                0x00000385       0x37 src/ASF/sam/drivers/pmc/pmc.o
 .ARM.attributes
                0x000003bc       0x37 src/ASF/sam/drivers/pmc/sleep.o
 .ARM.attributes
                0x000003f3       0x37 src/ASF/sam/utils/cmsis/same70/source/templates/gcc/startup_same70.o
 .ARM.attributes
                0x0000042a       0x37 src/ASF/sam/utils/cmsis/same70/source/templates/system_same70.o
 .ARM.attributes
                0x00000461       0x37 src/main.o
 .ARM.attributes
                0x00000498       0x2e c:/program files (x86)/atmel/studio/7.0/toolchain/arm/arm-gnu-toolchain/bin/../lib/gcc/arm-none-eabi/6.3.1/../../../../arm-none-eabi/lib/thumb/v7e-m\libc.a(lib_a-impure.o)
 .ARM.attributes
                0x000004c6       0x2e c:/program files (x86)/atmel/studio/7.0/toolchain/arm/arm-gnu-toolchain/bin/../lib/gcc/arm-none-eabi/6.3.1/../../../../arm-none-eabi/lib/thumb/v7e-m\libc.a(lib_a-init.o)
 .ARM.attributes
                0x000004f4       0x2e c:/program files (x86)/atmel/studio/7.0/toolchain/arm/arm-gnu-toolchain/bin/../lib/gcc/arm-none-eabi/6.3.1/../../../../arm-none-eabi/lib/thumb/v7e-m\libc.a(lib_a-__call_atexit.o)
 .ARM.attributes
                0x00000522       0x2e c:/program files (x86)/atmel/studio/7.0/toolchain/arm/arm-gnu-toolchain/bin/../lib/gcc/arm-none-eabi/6.3.1/../../../../arm-none-eabi/lib/thumb/v7e-m\libc.a(lib_a-atexit.o)
 .ARM.attributes
                0x00000550       0x2e c:/program files (x86)/atmel/studio/7.0/toolchain/arm/arm-gnu-toolchain/bin/../lib/gcc/arm-none-eabi/6.3.1/../../../../arm-none-eabi/lib/thumb/v7e-m\libc.a(lib_a-fini.o)
 .ARM.attributes
                0x0000057e       0x2e c:/program files (x86)/atmel/studio/7.0/toolchain/arm/arm-gnu-toolchain/bin/../lib/gcc/arm-none-eabi/6.3.1/../../../../arm-none-eabi/lib/thumb/v7e-m\libc.a(lib_a-lock.o)
 .ARM.attributes
                0x000005ac       0x2e c:/program files (x86)/atmel/studio/7.0/toolchain/arm/arm-gnu-toolchain/bin/../lib/gcc/arm-none-eabi/6.3.1/../../../../arm-none-eabi/lib/thumb/v7e-m\libc.a(lib_a-__atexit.o)
 .ARM.attributes
                0x000005da       0x1e c:/program files (x86)/atmel/studio/7.0/toolchain/arm/arm-gnu-toolchain/bin/../lib/gcc/arm-none-eabi/6.3.1/thumb/v7e-m/crtn.o

.comment        0x00000000       0x59
 .comment       0x00000000       0x59 src/ASF/sam/drivers/rtt/rtt.o
                                 0x5a (size before relaxing)
 .comment       0x00000059       0x5a src/ASF/sam/drivers/spi/spi.o
 .comment       0x00000059       0x5a src/ASF/sam/drivers/tc/tc.o
 .comment       0x00000059       0x5a src/oled/gfx_mono_framebuffer.o
 .comment       0x00000059       0x5a src/oled/gfx_mono_generic.o
 .comment       0x00000059       0x5a src/oled/gfx_mono_text.o
 .comment       0x00000059       0x5a src/oled/gfx_mono_ug_2832hsweg04.o
 .comment       0x00000059       0x5a src/oled/ssd1306.o
 .comment       0x00000059       0x5a src/oled/sysfont.o
 .comment       0x00000059       0x5a src/ASF/common/services/delay/sam/cycle_counter.o
 .comment       0x00000059       0x5a src/ASF/common/services/clock/same70/sysclk.o
 .comment       0x00000059       0x5a src/ASF/common/utils/interrupt/interrupt_sam_nvic.o
 .comment       0x00000059       0x5a src/ASF/sam/boards/same70_xplained/init.o
 .comment       0x00000059       0x5a src/ASF/sam/drivers/pio/pio.o
 .comment       0x00000059       0x5a src/ASF/sam/drivers/pio/pio_handler.o
 .comment       0x00000059       0x5a src/ASF/sam/drivers/pmc/pmc.o
 .comment       0x00000059       0x5a src/ASF/sam/drivers/pmc/sleep.o
 .comment       0x00000059       0x5a src/ASF/sam/utils/cmsis/same70/source/templates/gcc/startup_same70.o
 .comment       0x00000059       0x5a src/ASF/sam/utils/cmsis/same70/source/templates/system_same70.o
 .comment       0x00000059       0x5a src/main.o

.debug_info     0x00000000    0x1930d
 .debug_info    0x00000000      0xcd1 src/ASF/sam/drivers/rtt/rtt.o
 .debug_info    0x00000cd1     0x115d src/ASF/sam/drivers/spi/spi.o
 .debug_info    0x00001e2e     0x1230 src/ASF/sam/drivers/tc/tc.o
 .debug_info    0x0000305e      0xdd2 src/oled/gfx_mono_framebuffer.o
 .debug_info    0x00003e30     0x157d src/oled/gfx_mono_generic.o
 .debug_info    0x000053ad      0xf6a src/oled/gfx_mono_text.o
 .debug_info    0x00006317     0x11a0 src/oled/gfx_mono_ug_2832hsweg04.o
 .debug_info    0x000074b7     0x1fae src/oled/ssd1306.o
 .debug_info    0x00009465      0xb06 src/oled/sysfont.o
 .debug_info    0x00009f6b      0xa45 src/ASF/common/services/delay/sam/cycle_counter.o
 .debug_info    0x0000a9b0     0x1267 src/ASF/common/services/clock/same70/sysclk.o
 .debug_info    0x0000bc17      0xb01 src/ASF/common/utils/interrupt/interrupt_sam_nvic.o
 .debug_info    0x0000c718     0x1bd7 src/ASF/sam/boards/same70_xplained/init.o
 .debug_info    0x0000e2ef     0x2150 src/ASF/sam/drivers/pio/pio.o
 .debug_info    0x0001043f     0x1b22 src/ASF/sam/drivers/pio/pio_handler.o
 .debug_info    0x00011f61     0x1e0e src/ASF/sam/drivers/pmc/pmc.o
 .debug_info    0x00013d6f     0x165a src/ASF/sam/drivers/pmc/sleep.o
 .debug_info    0x000153c9     0x156a src/ASF/sam/utils/cmsis/same70/source/templates/gcc/startup_same70.o
 .debug_info    0x00016933      0x55b src/ASF/sam/utils/cmsis/same70/source/templates/system_same70.o
 .debug_info    0x00016e8e     0x247f src/main.o

.debug_abbrev   0x00000000     0x38ba
 .debug_abbrev  0x00000000      0x256 src/ASF/sam/drivers/rtt/rtt.o
 .debug_abbrev  0x00000256      0x3a5 src/ASF/sam/drivers/spi/spi.o
 .debug_abbrev  0x000005fb      0x293 src/ASF/sam/drivers/tc/tc.o
 .debug_abbrev  0x0000088e      0x284 src/oled/gfx_mono_framebuffer.o
 .debug_abbrev  0x00000b12      0x2a2 src/oled/gfx_mono_generic.o
 .debug_abbrev  0x00000db4      0x30a src/oled/gfx_mono_text.o
 .debug_abbrev  0x000010be      0x34b src/oled/gfx_mono_ug_2832hsweg04.o
 .debug_abbrev  0x00001409      0x35e src/oled/ssd1306.o
 .debug_abbrev  0x00001767      0x1b6 src/oled/sysfont.o
 .debug_abbrev  0x0000191d      0x1b3 src/ASF/common/services/delay/sam/cycle_counter.o
 .debug_abbrev  0x00001ad0      0x31f src/ASF/common/services/clock/same70/sysclk.o
 .debug_abbrev  0x00001def      0x212 src/ASF/common/utils/interrupt/interrupt_sam_nvic.o
 .debug_abbrev  0x00002001      0x368 src/ASF/sam/boards/same70_xplained/init.o
 .debug_abbrev  0x00002369      0x410 src/ASF/sam/drivers/pio/pio.o
 .debug_abbrev  0x00002779      0x32f src/ASF/sam/drivers/pio/pio_handler.o
 .debug_abbrev  0x00002aa8      0x369 src/ASF/sam/drivers/pmc/pmc.o
 .debug_abbrev  0x00002e11      0x32b src/ASF/sam/drivers/pmc/sleep.o
 .debug_abbrev  0x0000313c      0x2e4 src/ASF/sam/utils/cmsis/same70/source/templates/gcc/startup_same70.o
 .debug_abbrev  0x00003420      0x102 src/ASF/sam/utils/cmsis/same70/source/templates/system_same70.o
 .debug_abbrev  0x00003522      0x398 src/main.o

.debug_loc      0x00000000     0x5da3
 .debug_loc     0x00000000      0x1c7 src/ASF/sam/drivers/rtt/rtt.o
 .debug_loc     0x000001c7      0x610 src/ASF/sam/drivers/spi/spi.o
 .debug_loc     0x000007d7      0x5a4 src/ASF/sam/drivers/tc/tc.o
 .debug_loc     0x00000d7b      0x506 src/oled/gfx_mono_framebuffer.o
 .debug_loc     0x00001281      0xda8 src/oled/gfx_mono_generic.o
 .debug_loc     0x00002029      0x66a src/oled/gfx_mono_text.o
 .debug_loc     0x00002693      0x6ee src/oled/gfx_mono_ug_2832hsweg04.o
 .debug_loc     0x00002d81      0x365 src/oled/ssd1306.o
 .debug_loc     0x000030e6      0x183 src/ASF/common/services/clock/same70/sysclk.o
 .debug_loc     0x00003269      0x1e7 src/ASF/sam/boards/same70_xplained/init.o
 .debug_loc     0x00003450      0xea4 src/ASF/sam/drivers/pio/pio.o
 .debug_loc     0x000042f4      0x588 src/ASF/sam/drivers/pio/pio_handler.o
 .debug_loc     0x0000487c      0xce3 src/ASF/sam/drivers/pmc/pmc.o
 .debug_loc     0x0000555f      0x389 src/ASF/sam/drivers/pmc/sleep.o
 .debug_loc     0x000058e8       0x77 src/ASF/sam/utils/cmsis/same70/source/templates/gcc/startup_same70.o
 .debug_loc     0x0000595f      0x444 src/main.o

.debug_aranges  0x00000000      0x958
 .debug_aranges
                0x00000000       0x60 src/ASF/sam/drivers/rtt/rtt.o
 .debug_aranges
                0x00000060       0x90 src/ASF/sam/drivers/spi/spi.o
 .debug_aranges
                0x000000f0       0xd0 src/ASF/sam/drivers/tc/tc.o
 .debug_aranges
                0x000001c0       0x58 src/oled/gfx_mono_framebuffer.o
 .debug_aranges
                0x00000218       0x58 src/oled/gfx_mono_generic.o
 .debug_aranges
                0x00000270       0x40 src/oled/gfx_mono_text.o
 .debug_aranges
                0x000002b0       0x60 src/oled/gfx_mono_ug_2832hsweg04.o
 .debug_aranges
                0x00000310       0x30 src/oled/ssd1306.o
 .debug_aranges
                0x00000340       0x18 src/oled/sysfont.o
 .debug_aranges
                0x00000358       0x20 src/ASF/common/services/delay/sam/cycle_counter.o
 .debug_aranges
                0x00000378       0x40 src/ASF/common/services/clock/same70/sysclk.o
 .debug_aranges
                0x000003b8       0x28 src/ASF/common/utils/interrupt/interrupt_sam_nvic.o
 .debug_aranges
                0x000003e0       0x20 src/ASF/sam/boards/same70_xplained/init.o
 .debug_aranges
                0x00000400      0x1a8 src/ASF/sam/drivers/pio/pio.o
 .debug_aranges
                0x000005a8       0x60 src/ASF/sam/drivers/pio/pio_handler.o
 .debug_aranges
                0x00000608      0x250 src/ASF/sam/drivers/pmc/pmc.o
 .debug_aranges
                0x00000858       0x30 src/ASF/sam/drivers/pmc/sleep.o
 .debug_aranges
                0x00000888       0x28 src/ASF/sam/utils/cmsis/same70/source/templates/gcc/startup_same70.o
 .debug_aranges
                0x000008b0       0x30 src/ASF/sam/utils/cmsis/same70/source/templates/system_same70.o
 .debug_aranges
                0x000008e0       0x78 src/main.o

.debug_ranges   0x00000000      0x9a8
 .debug_ranges  0x00000000       0x50 src/ASF/sam/drivers/rtt/rtt.o
 .debug_ranges  0x00000050       0x80 src/ASF/sam/drivers/spi/spi.o
 .debug_ranges  0x000000d0       0xc0 src/ASF/sam/drivers/tc/tc.o
 .debug_ranges  0x00000190       0x48 src/oled/gfx_mono_framebuffer.o
 .debug_ranges  0x000001d8       0x48 src/oled/gfx_mono_generic.o
 .debug_ranges  0x00000220       0x48 src/oled/gfx_mono_text.o
 .debug_ranges  0x00000268       0x80 src/oled/gfx_mono_ug_2832hsweg04.o
 .debug_ranges  0x000002e8       0x20 src/oled/ssd1306.o
 .debug_ranges  0x00000308       0x10 src/ASF/common/services/delay/sam/cycle_counter.o
 .debug_ranges  0x00000318       0x30 src/ASF/common/services/clock/same70/sysclk.o
 .debug_ranges  0x00000348       0x18 src/ASF/common/utils/interrupt/interrupt_sam_nvic.o
 .debug_ranges  0x00000360       0x10 src/ASF/sam/boards/same70_xplained/init.o
 .debug_ranges  0x00000370      0x2a0 src/ASF/sam/drivers/pio/pio.o
 .debug_ranges  0x00000610       0x68 src/ASF/sam/drivers/pio/pio_handler.o
 .debug_ranges  0x00000678      0x240 src/ASF/sam/drivers/pmc/pmc.o
 .debug_ranges  0x000008b8       0x50 src/ASF/sam/drivers/pmc/sleep.o
 .debug_ranges  0x00000908       0x18 src/ASF/sam/utils/cmsis/same70/source/templates/gcc/startup_same70.o
 .debug_ranges  0x00000920       0x20 src/ASF/sam/utils/cmsis/same70/source/templates/system_same70.o
 .debug_ranges  0x00000940       0x68 src/main.o

.debug_macro    0x00000000    0x2192f
 .debug_macro   0x00000000      0x660 src/ASF/sam/drivers/rtt/rtt.o
 .debug_macro   0x00000660      0x8ce src/ASF/sam/drivers/rtt/rtt.o
 .debug_macro   0x00000f2e      0x16d src/ASF/sam/drivers/rtt/rtt.o
 .debug_macro   0x0000109b      0x64b src/ASF/sam/drivers/rtt/rtt.o
 .debug_macro   0x000016e6       0x76 src/ASF/sam/drivers/rtt/rtt.o
 .debug_macro   0x0000175c       0x16 src/ASF/sam/drivers/rtt/rtt.o
 .debug_macro   0x00001772      0x6e4 src/ASF/sam/drivers/rtt/rtt.o
 .debug_macro   0x00001e56       0x22 src/ASF/sam/drivers/rtt/rtt.o
 .debug_macro   0x00001e78       0x87 src/ASF/sam/drivers/rtt/rtt.o
 .debug_macro   0x00001eff       0x51 src/ASF/sam/drivers/rtt/rtt.o
 .debug_macro   0x00001f50       0xef src/ASF/sam/drivers/rtt/rtt.o
 .debug_macro   0x0000203f       0x6a src/ASF/sam/drivers/rtt/rtt.o
 .debug_macro   0x000020a9      0x1df src/ASF/sam/drivers/rtt/rtt.o
 .debug_macro   0x00002288       0x4a src/ASF/sam/drivers/rtt/rtt.o
 .debug_macro   0x000022d2       0x3b src/ASF/sam/drivers/rtt/rtt.o
 .debug_macro   0x0000230d       0x2d src/ASF/sam/drivers/rtt/rtt.o
 .debug_macro   0x0000233a       0x26 src/ASF/sam/drivers/rtt/rtt.o
 .debug_macro   0x00002360      0xf9a src/ASF/sam/drivers/rtt/rtt.o
 .debug_macro   0x000032fa      0x175 src/ASF/sam/drivers/rtt/rtt.o
 .debug_macro   0x0000346f      0x257 src/ASF/sam/drivers/rtt/rtt.o
 .debug_macro   0x000036c6      0xa0f src/ASF/sam/drivers/rtt/rtt.o
 .debug_macro   0x000040d5      0x1b9 src/ASF/sam/drivers/rtt/rtt.o
 .debug_macro   0x0000428e      0x336 src/ASF/sam/drivers/rtt/rtt.o
 .debug_macro   0x000045c4      0x15b src/ASF/sam/drivers/rtt/rtt.o
 .debug_macro   0x0000471f     0x1851 src/ASF/sam/drivers/rtt/rtt.o
 .debug_macro   0x00005f70       0x1c src/ASF/sam/drivers/rtt/rtt.o
 .debug_macro   0x00005f8c      0x68d src/ASF/sam/drivers/rtt/rtt.o
 .debug_macro   0x00006619      0x31e src/ASF/sam/drivers/rtt/rtt.o
 .debug_macro   0x00006937      0x4d4 src/ASF/sam/drivers/rtt/rtt.o
 .debug_macro   0x00006e0b      0x56e src/ASF/sam/drivers/rtt/rtt.o
 .debug_macro   0x00007379     0x1332 src/ASF/sam/drivers/rtt/rtt.o
 .debug_macro   0x000086ab     0x278d src/ASF/sam/drivers/rtt/rtt.o
 .debug_macro   0x0000ae38     0x102b src/ASF/sam/drivers/rtt/rtt.o
 .debug_macro   0x0000be63      0xe01 src/ASF/sam/drivers/rtt/rtt.o
 .debug_macro   0x0000cc64      0x3b1 src/ASF/sam/drivers/rtt/rtt.o
 .debug_macro   0x0000d015       0xa0 src/ASF/sam/drivers/rtt/rtt.o
 .debug_macro   0x0000d0b5       0x76 src/ASF/sam/drivers/rtt/rtt.o
 .debug_macro   0x0000d12b      0x409 src/ASF/sam/drivers/rtt/rtt.o
 .debug_macro   0x0000d534       0x64 src/ASF/sam/drivers/rtt/rtt.o
 .debug_macro   0x0000d598      0x284 src/ASF/sam/drivers/rtt/rtt.o
 .debug_macro   0x0000d81c      0x1d0 src/ASF/sam/drivers/rtt/rtt.o
 .debug_macro   0x0000d9ec      0x248 src/ASF/sam/drivers/rtt/rtt.o
 .debug_macro   0x0000dc34      0x524 src/ASF/sam/drivers/rtt/rtt.o
 .debug_macro   0x0000e158      0x63b src/ASF/sam/drivers/rtt/rtt.o
 .debug_macro   0x0000e793      0x6b8 src/ASF/sam/drivers/rtt/rtt.o
 .debug_macro   0x0000ee4b       0x4c src/ASF/sam/drivers/rtt/rtt.o
 .debug_macro   0x0000ee97      0x468 src/ASF/sam/drivers/rtt/rtt.o
 .debug_macro   0x0000f2ff      0x207 src/ASF/sam/drivers/rtt/rtt.o
 .debug_macro   0x0000f506      0x866 src/ASF/sam/drivers/rtt/rtt.o
 .debug_macro   0x0000fd6c     0x1547 src/ASF/sam/drivers/rtt/rtt.o
 .debug_macro   0x000112b3       0x40 src/ASF/sam/drivers/rtt/rtt.o
 .debug_macro   0x000112f3       0x76 src/ASF/sam/drivers/rtt/rtt.o
 .debug_macro   0x00011369      0xdaf src/ASF/sam/drivers/rtt/rtt.o
 .debug_macro   0x00012118       0x82 src/ASF/sam/drivers/rtt/rtt.o
 .debug_macro   0x0001219a       0x76 src/ASF/sam/drivers/rtt/rtt.o
 .debug_macro   0x00012210       0x4c src/ASF/sam/drivers/rtt/rtt.o
 .debug_macro   0x0001225c      0x135 src/ASF/sam/drivers/rtt/rtt.o
 .debug_macro   0x00012391      0x135 src/ASF/sam/drivers/rtt/rtt.o
 .debug_macro   0x000124c6      0x135 src/ASF/sam/drivers/rtt/rtt.o
 .debug_macro   0x000125fb       0x6a src/ASF/sam/drivers/rtt/rtt.o
 .debug_macro   0x00012665       0x6a src/ASF/sam/drivers/rtt/rtt.o
 .debug_macro   0x000126cf      0x313 src/ASF/sam/drivers/rtt/rtt.o
 .debug_macro   0x000129e2       0xb2 src/ASF/sam/drivers/rtt/rtt.o
 .debug_macro   0x00012a94       0xb2 src/ASF/sam/drivers/rtt/rtt.o
 .debug_macro   0x00012b46       0xb2 src/ASF/sam/drivers/rtt/rtt.o
 .debug_macro   0x00012bf8      0x11d src/ASF/sam/drivers/rtt/rtt.o
 .debug_macro   0x00012d15      0x11d src/ASF/sam/drivers/rtt/rtt.o
 .debug_macro   0x00012e32      0x2cd src/ASF/sam/drivers/rtt/rtt.o
 .debug_macro   0x000130ff       0xb8 src/ASF/sam/drivers/rtt/rtt.o
 .debug_macro   0x000131b7       0x5e src/ASF/sam/drivers/rtt/rtt.o
 .debug_macro   0x00013215       0x40 src/ASF/sam/drivers/rtt/rtt.o
 .debug_macro   0x00013255       0x4c src/ASF/sam/drivers/rtt/rtt.o
 .debug_macro   0x000132a1       0xa0 src/ASF/sam/drivers/rtt/rtt.o
 .debug_macro   0x00013341      0x494 src/ASF/sam/drivers/rtt/rtt.o
 .debug_macro   0x000137d5      0x135 src/ASF/sam/drivers/rtt/rtt.o
 .debug_macro   0x0001390a       0x4c src/ASF/sam/drivers/rtt/rtt.o
 .debug_macro   0x00013956      0x313 src/ASF/sam/drivers/rtt/rtt.o
 .debug_macro   0x00013c69       0x6a src/ASF/sam/drivers/rtt/rtt.o
 .debug_macro   0x00013cd3       0xb8 src/ASF/sam/drivers/rtt/rtt.o
 .debug_macro   0x00013d8b       0x6a src/ASF/sam/drivers/rtt/rtt.o
 .debug_macro   0x00013df5       0x2e src/ASF/sam/drivers/rtt/rtt.o
 .debug_macro   0x00013e23      0x9b1 src/ASF/sam/drivers/rtt/rtt.o
 .debug_macro   0x000147d4       0x6a src/ASF/sam/drivers/rtt/rtt.o
 .debug_macro   0x0001483e       0x88 src/ASF/sam/drivers/rtt/rtt.o
 .debug_macro   0x000148c6       0x58 src/ASF/sam/drivers/rtt/rtt.o
 .debug_macro   0x0001491e       0xe2 src/ASF/sam/drivers/rtt/rtt.o
 .debug_macro   0x00014a00       0x16 src/ASF/sam/drivers/rtt/rtt.o
 .debug_macro   0x00014a16       0xe2 src/ASF/sam/drivers/rtt/rtt.o
 .debug_macro   0x00014af8       0x4c src/ASF/sam/drivers/rtt/rtt.o
 .debug_macro   0x00014b44       0x16 src/ASF/sam/drivers/rtt/rtt.o
 .debug_macro   0x00014b5a       0x4c src/ASF/sam/drivers/rtt/rtt.o
 .debug_macro   0x00014ba6       0x2e src/ASF/sam/drivers/rtt/rtt.o
 .debug_macro   0x00014bd4      0x1b5 src/ASF/sam/drivers/rtt/rtt.o
 .debug_macro   0x00014d89      0x1b5 src/ASF/sam/drivers/rtt/rtt.o
 .debug_macro   0x00014f3e      0x1b5 src/ASF/sam/drivers/rtt/rtt.o
 .debug_macro   0x000150f3      0x1b5 src/ASF/sam/drivers/rtt/rtt.o
 .debug_macro   0x000152a8      0x1b5 src/ASF/sam/drivers/rtt/rtt.o
 .debug_macro   0x0001545d       0x1c src/ASF/sam/drivers/rtt/rtt.o
 .debug_macro   0x00015479       0x2e src/ASF/sam/drivers/rtt/rtt.o
 .debug_macro   0x000154a7       0x22 src/ASF/sam/drivers/rtt/rtt.o
 .debug_macro   0x000154c9       0x1c src/ASF/sam/drivers/rtt/rtt.o
 .debug_macro   0x000154e5       0x52 src/ASF/sam/drivers/rtt/rtt.o
 .debug_macro   0x00015537       0x10 src/ASF/sam/drivers/rtt/rtt.o
 .debug_macro   0x00015547       0x1c src/ASF/sam/drivers/rtt/rtt.o
 .debug_macro   0x00015563       0x4c src/ASF/sam/drivers/rtt/rtt.o
 .debug_macro   0x000155af       0x4c src/ASF/sam/drivers/rtt/rtt.o
 .debug_macro   0x000155fb       0x4c src/ASF/sam/drivers/rtt/rtt.o
 .debug_macro   0x00015647      0x31b src/ASF/sam/drivers/rtt/rtt.o
 .debug_macro   0x00015962     0x1022 src/ASF/sam/drivers/rtt/rtt.o
 .debug_macro   0x00016984      0x107 src/ASF/sam/drivers/rtt/rtt.o
 .debug_macro   0x00016a8b       0x58 src/ASF/sam/drivers/rtt/rtt.o
 .debug_macro   0x00016ae3       0x35 src/ASF/sam/drivers/rtt/rtt.o
 .debug_macro   0x00016b18       0x9c src/ASF/sam/drivers/rtt/rtt.o
 .debug_macro   0x00016bb4       0x16 src/ASF/sam/drivers/rtt/rtt.o
 .debug_macro   0x00016bca       0x35 src/ASF/sam/drivers/rtt/rtt.o
 .debug_macro   0x00016bff      0x353 src/ASF/sam/drivers/rtt/rtt.o
 .debug_macro   0x00016f52       0x10 src/ASF/sam/drivers/rtt/rtt.o
 .debug_macro   0x00016f62       0x58 src/ASF/sam/drivers/rtt/rtt.o
 .debug_macro   0x00016fba       0x1f src/ASF/sam/drivers/rtt/rtt.o
 .debug_macro   0x00016fd9       0x43 src/ASF/sam/drivers/rtt/rtt.o
 .debug_macro   0x0001701c       0x20 src/ASF/sam/drivers/rtt/rtt.o
 .debug_macro   0x0001703c      0x187 src/ASF/sam/drivers/rtt/rtt.o
 .debug_macro   0x000171c3       0x10 src/ASF/sam/drivers/rtt/rtt.o
 .debug_macro   0x000171d3       0x1c src/ASF/sam/drivers/rtt/rtt.o
 .debug_macro   0x000171ef       0x52 src/ASF/sam/drivers/rtt/rtt.o
 .debug_macro   0x00017241       0x40 src/ASF/sam/drivers/rtt/rtt.o
 .debug_macro   0x00017281       0x10 src/ASF/sam/drivers/rtt/rtt.o
 .debug_macro   0x00017291       0x40 src/ASF/sam/drivers/rtt/rtt.o
 .debug_macro   0x000172d1       0xd7 src/ASF/sam/drivers/rtt/rtt.o
 .debug_macro   0x000173a8       0x16 src/ASF/sam/drivers/rtt/rtt.o
 .debug_macro   0x000173be      0x18b src/ASF/sam/drivers/rtt/rtt.o
 .debug_macro   0x00017549       0x22 src/ASF/sam/drivers/rtt/rtt.o
 .debug_macro   0x0001756b       0x16 src/ASF/sam/drivers/rtt/rtt.o
 .debug_macro   0x00017581       0x16 src/ASF/sam/drivers/rtt/rtt.o
 .debug_macro   0x00017597       0x29 src/ASF/sam/drivers/rtt/rtt.o
 .debug_macro   0x000175c0       0x75 src/ASF/sam/drivers/rtt/rtt.o
 .debug_macro   0x00017635       0x3f src/ASF/sam/drivers/rtt/rtt.o
 .debug_macro   0x00017674      0x3ca src/ASF/sam/drivers/rtt/rtt.o
 .debug_macro   0x00017a3e      0x6d9 src/ASF/sam/drivers/spi/spi.o
 .debug_macro   0x00018117       0x10 src/ASF/sam/drivers/spi/spi.o
 .debug_macro   0x00018127       0x3a src/ASF/sam/drivers/spi/spi.o
 .debug_macro   0x00018161      0x2c6 src/ASF/sam/drivers/spi/spi.o
 .debug_macro   0x00018427      0xa96 src/ASF/sam/drivers/spi/spi.o
 .debug_macro   0x00018ebd       0x70 src/ASF/sam/drivers/spi/spi.o
 .debug_macro   0x00018f2d       0x64 src/ASF/sam/drivers/spi/spi.o
 .debug_macro   0x00018f91       0x5f src/ASF/sam/drivers/spi/spi.o
 .debug_macro   0x00018ff0       0xac src/ASF/sam/drivers/spi/spi.o
 .debug_macro   0x0001909c      0x66c src/ASF/sam/drivers/tc/tc.o
 .debug_macro   0x00019708       0x52 src/ASF/sam/drivers/tc/tc.o
 .debug_macro   0x0001975a       0x8d src/ASF/sam/drivers/tc/tc.o
 .debug_macro   0x000197e7       0x16 src/ASF/sam/drivers/tc/tc.o
 .debug_macro   0x000197fd       0x57 src/ASF/sam/drivers/tc/tc.o
 .debug_macro   0x00019854       0x1c src/ASF/sam/drivers/tc/tc.o
 .debug_macro   0x00019870      0x7db src/oled/gfx_mono_framebuffer.o
 .debug_macro   0x0001a04b       0x50 src/oled/gfx_mono_framebuffer.o
 .debug_macro   0x0001a09b       0x22 src/oled/gfx_mono_framebuffer.o
 .debug_macro   0x0001a0bd       0x7b src/oled/gfx_mono_framebuffer.o
 .debug_macro   0x0001a138       0x28 src/oled/gfx_mono_framebuffer.o
 .debug_macro   0x0001a160       0x23 src/oled/gfx_mono_framebuffer.o
 .debug_macro   0x0001a183       0x94 src/oled/gfx_mono_framebuffer.o
 .debug_macro   0x0001a217       0x40 src/oled/gfx_mono_framebuffer.o
 .debug_macro   0x0001a257       0x88 src/oled/gfx_mono_framebuffer.o
 .debug_macro   0x0001a2df      0x1ce src/oled/gfx_mono_framebuffer.o
 .debug_macro   0x0001a4ad       0x34 src/oled/gfx_mono_framebuffer.o
 .debug_macro   0x0001a4e1       0x16 src/oled/gfx_mono_framebuffer.o
 .debug_macro   0x0001a4f7       0x1c src/oled/gfx_mono_framebuffer.o
 .debug_macro   0x0001a513       0x16 src/oled/gfx_mono_framebuffer.o
 .debug_macro   0x0001a529       0x28 src/oled/gfx_mono_framebuffer.o
 .debug_macro   0x0001a551       0xd1 src/oled/gfx_mono_framebuffer.o
 .debug_macro   0x0001a622       0x8b src/oled/gfx_mono_framebuffer.o
 .debug_macro   0x0001a6ad      0x7db src/oled/gfx_mono_generic.o
 .debug_macro   0x0001ae88      0x7f4 src/oled/gfx_mono_text.o
 .debug_macro   0x0001b67c      0x7df src/oled/gfx_mono_ug_2832hsweg04.o
 .debug_macro   0x0001be5b       0x28 src/oled/gfx_mono_ug_2832hsweg04.o
 .debug_macro   0x0001be83      0x7b5 src/oled/ssd1306.o
 .debug_macro   0x0001c638      0x69c src/oled/sysfont.o
 .debug_macro   0x0001ccd4       0x3a src/oled/sysfont.o
 .debug_macro   0x0001cd0e      0x665 src/ASF/common/services/delay/sam/cycle_counter.o
 .debug_macro   0x0001d373       0x22 src/ASF/common/services/delay/sam/cycle_counter.o
 .debug_macro   0x0001d395      0x6d1 src/ASF/common/services/clock/same70/sysclk.o
 .debug_macro   0x0001da66      0x2c0 src/ASF/common/services/clock/same70/sysclk.o
 .debug_macro   0x0001dd26      0x655 src/ASF/common/utils/interrupt/interrupt_sam_nvic.o
 .debug_macro   0x0001e37b      0x70b src/ASF/sam/boards/same70_xplained/init.o
 .debug_macro   0x0001ea86       0x82 src/ASF/sam/boards/same70_xplained/init.o
 .debug_macro   0x0001eb08      0x66b src/ASF/sam/drivers/pio/pio.o
 .debug_macro   0x0001f173       0x8e src/ASF/sam/drivers/pio/pio.o
 .debug_macro   0x0001f201      0x676 src/ASF/sam/drivers/pio/pio_handler.o
 .debug_macro   0x0001f877      0x66b src/ASF/sam/drivers/pmc/pmc.o
 .debug_macro   0x0001fee2       0x6a src/ASF/sam/drivers/pmc/pmc.o
 .debug_macro   0x0001ff4c      0x684 src/ASF/sam/drivers/pmc/sleep.o
 .debug_macro   0x000205d0      0x664 src/ASF/sam/utils/cmsis/same70/source/templates/gcc/startup_same70.o
 .debug_macro   0x00020c34       0x10 src/ASF/sam/utils/cmsis/same70/source/templates/gcc/startup_same70.o
 .debug_macro   0x00020c44      0x455 src/ASF/sam/utils/cmsis/same70/source/templates/system_same70.o
 .debug_macro   0x00021099      0x896 src/main.o

.debug_line     0x00000000     0xf780
 .debug_line    0x00000000      0xa72 src/ASF/sam/drivers/rtt/rtt.o
 .debug_line    0x00000a72      0xc41 src/ASF/sam/drivers/spi/spi.o
 .debug_line    0x000016b3      0xb85 src/ASF/sam/drivers/tc/tc.o
 .debug_line    0x00002238      0xe63 src/oled/gfx_mono_framebuffer.o
 .debug_line    0x0000309b      0xf17 src/oled/gfx_mono_generic.o
 .debug_line    0x00003fb2      0xe71 src/oled/gfx_mono_text.o
 .debug_line    0x00004e23      0xeeb src/oled/gfx_mono_ug_2832hsweg04.o
 .debug_line    0x00005d0e      0xe40 src/oled/ssd1306.o
 .debug_line    0x00006b4e      0xa1b src/oled/sysfont.o
 .debug_line    0x00007569      0x9ed src/ASF/common/services/delay/sam/cycle_counter.o
 .debug_line    0x00007f56      0xb4f src/ASF/common/services/clock/same70/sysclk.o
 .debug_line    0x00008aa5      0xa01 src/ASF/common/utils/interrupt/interrupt_sam_nvic.o
 .debug_line    0x000094a6      0xc04 src/ASF/sam/boards/same70_xplained/init.o
 .debug_line    0x0000a0aa      0xee3 src/ASF/sam/drivers/pio/pio.o
 .debug_line    0x0000af8d      0xabf src/ASF/sam/drivers/pio/pio_handler.o
 .debug_line    0x0000ba4c     0x106b src/ASF/sam/drivers/pmc/pmc.o
 .debug_line    0x0000cab7      0xb4c src/ASF/sam/drivers/pmc/sleep.o
 .debug_line    0x0000d603      0xa73 src/ASF/sam/utils/cmsis/same70/source/templates/gcc/startup_same70.o
 .debug_line    0x0000e076      0x7e9 src/ASF/sam/utils/cmsis/same70/source/templates/system_same70.o
 .debug_line    0x0000e85f      0xf21 src/main.o

.debug_str      0x00000000    0x8fe46
 .debug_str     0x00000000    0x81995 src/ASF/sam/drivers/rtt/rtt.o
                              0x82016 (size before relaxing)
 .debug_str     0x00081995     0x4610 src/ASF/sam/drivers/spi/spi.o
                              0x8652b (size before relaxing)
 .debug_str     0x00085fa5      0x386 src/ASF/sam/drivers/tc/tc.o
                              0x82274 (size before relaxing)
 .debug_str     0x0008632b     0x2abe src/oled/gfx_mono_framebuffer.o
                              0x88c17 (size before relaxing)
 .debug_str     0x00088de9      0x25c src/oled/gfx_mono_generic.o
                              0x88d5b (size before relaxing)
 .debug_str     0x00089045      0x1f0 src/oled/gfx_mono_text.o
                              0x88d36 (size before relaxing)
 .debug_str     0x00089235      0x11c src/oled/gfx_mono_ug_2832hsweg04.o
                              0x88cf7 (size before relaxing)
 .debug_str     0x00089351      0x612 src/oled/ssd1306.o
                              0x8892f (size before relaxing)
 .debug_str     0x00089963     0x3ee1 src/oled/sysfont.o
                              0x8615d (size before relaxing)
 .debug_str     0x0008d844       0x35 src/ASF/common/services/delay/sam/cycle_counter.o
                              0x82091 (size before relaxing)
 .debug_str     0x0008d879      0x3f1 src/ASF/common/services/clock/same70/sysclk.o
                              0x865af (size before relaxing)
 .debug_str     0x0008dc6a       0x94 src/ASF/common/utils/interrupt/interrupt_sam_nvic.o
                              0x81f61 (size before relaxing)
 .debug_str     0x0008dcfe      0x4f4 src/ASF/sam/boards/same70_xplained/init.o
                              0x8709f (size before relaxing)
 .debug_str     0x0008e1f2      0x559 src/ASF/sam/drivers/pio/pio.o
                              0x82ab7 (size before relaxing)
 .debug_str     0x0008e74b      0x437 src/ASF/sam/drivers/pio/pio_handler.o
                              0x82bd9 (size before relaxing)
 .debug_str     0x0008eb82      0x68e src/ASF/sam/drivers/pmc/pmc.o
                              0x82c1b (size before relaxing)
 .debug_str     0x0008f210      0x165 src/ASF/sam/drivers/pmc/sleep.o
                              0x85eda (size before relaxing)
 .debug_str     0x0008f375      0x64c src/ASF/sam/utils/cmsis/same70/source/templates/gcc/startup_same70.o
                              0x8272e (size before relaxing)
 .debug_str     0x0008f9c1      0x137 src/ASF/sam/utils/cmsis/same70/source/templates/system_same70.o
                              0x7283a (size before relaxing)
 .debug_str     0x0008faf8      0x34e src/main.o
                              0x8d7ca (size before relaxing)

.debug_frame    0x00000000     0x1654
 .debug_frame   0x00000000       0xac src/ASF/sam/drivers/rtt/rtt.o
 .debug_frame   0x000000ac      0x140 src/ASF/sam/drivers/spi/spi.o
 .debug_frame   0x000001ec      0x1a8 src/ASF/sam/drivers/tc/tc.o
 .debug_frame   0x00000394       0xdc src/oled/gfx_mono_framebuffer.o
 .debug_frame   0x00000470      0x168 src/oled/gfx_mono_generic.o
 .debug_frame   0x000005d8       0xc8 src/oled/gfx_mono_text.o
 .debug_frame   0x000006a0      0x124 src/oled/gfx_mono_ug_2832hsweg04.o
 .debug_frame   0x000007c4       0x6c src/oled/ssd1306.o
 .debug_frame   0x00000830       0x20 src/ASF/common/services/delay/sam/cycle_counter.o
 .debug_frame   0x00000850       0x88 src/ASF/common/services/clock/same70/sysclk.o
 .debug_frame   0x000008d8       0x30 src/ASF/common/utils/interrupt/interrupt_sam_nvic.o
 .debug_frame   0x00000908       0x30 src/ASF/sam/boards/same70_xplained/init.o
 .debug_frame   0x00000938      0x390 src/ASF/sam/drivers/pio/pio.o
 .debug_frame   0x00000cc8      0x110 src/ASF/sam/drivers/pio/pio_handler.o
 .debug_frame   0x00000dd8      0x494 src/ASF/sam/drivers/pmc/pmc.o
 .debug_frame   0x0000126c       0x5c src/ASF/sam/drivers/pmc/sleep.o
 .debug_frame   0x000012c8       0x38 src/ASF/sam/utils/cmsis/same70/source/templates/gcc/startup_same70.o
 .debug_frame   0x00001300       0x40 src/ASF/sam/utils/cmsis/same70/source/templates/system_same70.o
 .debug_frame   0x00001340      0x154 src/main.o
 .debug_frame   0x00001494       0x2c c:/program files (x86)/atmel/studio/7.0/toolchain/arm/arm-gnu-toolchain/bin/../lib/gcc/arm-none-eabi/6.3.1/../../../../arm-none-eabi/lib/thumb/v7e-m\libc.a(lib_a-init.o)
 .debug_frame   0x000014c0       0x5c c:/program files (x86)/atmel/studio/7.0/toolchain/arm/arm-gnu-toolchain/bin/../lib/gcc/arm-none-eabi/6.3.1/../../../../arm-none-eabi/lib/thumb/v7e-m\libc.a(lib_a-__call_atexit.o)
 .debug_frame   0x0000151c       0x20 c:/program files (x86)/atmel/studio/7.0/toolchain/arm/arm-gnu-toolchain/bin/../lib/gcc/arm-none-eabi/6.3.1/../../../../arm-none-eabi/lib/thumb/v7e-m\libc.a(lib_a-atexit.o)
 .debug_frame   0x0000153c       0x34 c:/program files (x86)/atmel/studio/7.0/toolchain/arm/arm-gnu-toolchain/bin/../lib/gcc/arm-none-eabi/6.3.1/../../../../arm-none-eabi/lib/thumb/v7e-m\libc.a(lib_a-fini.o)
 .debug_frame   0x00001570       0xb0 c:/program files (x86)/atmel/studio/7.0/toolchain/arm/arm-gnu-toolchain/bin/../lib/gcc/arm-none-eabi/6.3.1/../../../../arm-none-eabi/lib/thumb/v7e-m\libc.a(lib_a-lock.o)
 .debug_frame   0x00001620       0x34 c:/program files (x86)/atmel/studio/7.0/toolchain/arm/arm-gnu-toolchain/bin/../lib/gcc/arm-none-eabi/6.3.1/../../../../arm-none-eabi/lib/thumb/v7e-m\libc.a(lib_a-__atexit.o)

Cross Reference Table

Symbol                                            File
ACC_Handler                                       src/ASF/sam/utils/cmsis/same70/source/templates/gcc/startup_same70.o
AES_Handler                                       src/ASF/sam/utils/cmsis/same70/source/templates/gcc/startup_same70.o
AFEC0_Handler                                     src/ASF/sam/utils/cmsis/same70/source/templates/gcc/startup_same70.o
AFEC1_Handler                                     src/ASF/sam/utils/cmsis/same70/source/templates/gcc/startup_same70.o
BusFault_Handler                                  src/ASF/sam/utils/cmsis/same70/source/templates/gcc/startup_same70.o
DACC_Handler                                      src/ASF/sam/utils/cmsis/same70/source/templates/gcc/startup_same70.o
DebugMon_Handler                                  src/ASF/sam/utils/cmsis/same70/source/templates/gcc/startup_same70.o
Dummy_Handler                                     src/ASF/sam/utils/cmsis/same70/source/templates/gcc/startup_same70.o
EFC_Handler                                       src/ASF/sam/utils/cmsis/same70/source/templates/gcc/startup_same70.o
GMAC_Handler                                      src/ASF/sam/utils/cmsis/same70/source/templates/gcc/startup_same70.o
HSMCI_Handler                                     src/ASF/sam/utils/cmsis/same70/source/templates/gcc/startup_same70.o
HardFault_Handler                                 src/ASF/sam/utils/cmsis/same70/source/templates/gcc/startup_same70.o
ICM_Handler                                       src/ASF/sam/utils/cmsis/same70/source/templates/gcc/startup_same70.o
ISI_Handler                                       src/ASF/sam/utils/cmsis/same70/source/templates/gcc/startup_same70.o
MCAN0_Handler                                     src/ASF/sam/utils/cmsis/same70/source/templates/gcc/startup_same70.o
MCAN1_Handler                                     src/ASF/sam/utils/cmsis/same70/source/templates/gcc/startup_same70.o
MemManage_Handler                                 src/ASF/sam/utils/cmsis/same70/source/templates/gcc/startup_same70.o
NMI_Handler                                       src/ASF/sam/utils/cmsis/same70/source/templates/gcc/startup_same70.o
PIOA_Handler                                      src/ASF/sam/drivers/pio/pio_handler.o
PIOB_Handler                                      src/ASF/sam/drivers/pio/pio_handler.o
PIOC_Handler                                      src/ASF/sam/drivers/pio/pio_handler.o
PIOD_Handler                                      src/ASF/sam/drivers/pio/pio_handler.o
PIOE_Handler                                      src/ASF/sam/drivers/pio/pio_handler.o
PMC_Handler                                       src/ASF/sam/utils/cmsis/same70/source/templates/gcc/startup_same70.o
PWM0_Handler                                      src/ASF/sam/utils/cmsis/same70/source/templates/gcc/startup_same70.o
PWM1_Handler                                      src/ASF/sam/utils/cmsis/same70/source/templates/gcc/startup_same70.o
PendSV_Handler                                    src/ASF/sam/utils/cmsis/same70/source/templates/gcc/startup_same70.o
QSPI_Handler                                      src/ASF/sam/utils/cmsis/same70/source/templates/gcc/startup_same70.o
RSTC_Handler                                      src/ASF/sam/utils/cmsis/same70/source/templates/gcc/startup_same70.o
RSWDT_Handler                                     src/ASF/sam/utils/cmsis/same70/source/templates/gcc/startup_same70.o
RTC_Handler                                       src/ASF/sam/utils/cmsis/same70/source/templates/gcc/startup_same70.o
RTT_Handler                                       src/main.o
                                                  src/ASF/sam/utils/cmsis/same70/source/templates/gcc/startup_same70.o
RTT_init                                          src/main.o
Reset_Handler                                     src/ASF/sam/utils/cmsis/same70/source/templates/gcc/startup_same70.o
SDRAMC_Handler                                    src/ASF/sam/utils/cmsis/same70/source/templates/gcc/startup_same70.o
SPI0_Handler                                      src/ASF/sam/utils/cmsis/same70/source/templates/gcc/startup_same70.o
SPI1_Handler                                      src/ASF/sam/utils/cmsis/same70/source/templates/gcc/startup_same70.o
SSC_Handler                                       src/ASF/sam/utils/cmsis/same70/source/templates/gcc/startup_same70.o
SUPC_Handler                                      src/ASF/sam/utils/cmsis/same70/source/templates/gcc/startup_same70.o
SVC_Handler                                       src/ASF/sam/utils/cmsis/same70/source/templates/gcc/startup_same70.o
SysTick_Handler                                   src/ASF/sam/utils/cmsis/same70/source/templates/gcc/startup_same70.o
SystemCoreClock                                   src/ASF/sam/utils/cmsis/same70/source/templates/system_same70.o
SystemCoreClockUpdate                             src/ASF/sam/utils/cmsis/same70/source/templates/system_same70.o
                                                  src/ASF/common/services/clock/same70/sysclk.o
SystemInit                                        src/ASF/sam/utils/cmsis/same70/source/templates/system_same70.o
TC0_Handler                                       src/main.o
                                                  src/ASF/sam/utils/cmsis/same70/source/templates/gcc/startup_same70.o
TC10_Handler                                      src/ASF/sam/utils/cmsis/same70/source/templates/gcc/startup_same70.o
TC11_Handler                                      src/ASF/sam/utils/cmsis/same70/source/templates/gcc/startup_same70.o
TC1_Handler                                       src/main.o
                                                  src/ASF/sam/utils/cmsis/same70/source/templates/gcc/startup_same70.o
TC2_Handler                                       src/main.o
                                                  src/ASF/sam/utils/cmsis/same70/source/templates/gcc/startup_same70.o
TC3_Handler                                       src/ASF/sam/utils/cmsis/same70/source/templates/gcc/startup_same70.o
TC4_Handler                                       src/ASF/sam/utils/cmsis/same70/source/templates/gcc/startup_same70.o
TC5_Handler                                       src/ASF/sam/utils/cmsis/same70/source/templates/gcc/startup_same70.o
TC6_Handler                                       src/ASF/sam/utils/cmsis/same70/source/templates/gcc/startup_same70.o
TC7_Handler                                       src/ASF/sam/utils/cmsis/same70/source/templates/gcc/startup_same70.o
TC8_Handler                                       src/ASF/sam/utils/cmsis/same70/source/templates/gcc/startup_same70.o
TC9_Handler                                       src/ASF/sam/utils/cmsis/same70/source/templates/gcc/startup_same70.o
TC_init                                           src/main.o
TRNG_Handler                                      src/ASF/sam/utils/cmsis/same70/source/templates/gcc/startup_same70.o
TWIHS0_Handler                                    src/ASF/sam/utils/cmsis/same70/source/templates/gcc/startup_same70.o
TWIHS1_Handler                                    src/ASF/sam/utils/cmsis/same70/source/templates/gcc/startup_same70.o
TWIHS2_Handler                                    src/ASF/sam/utils/cmsis/same70/source/templates/gcc/startup_same70.o
UART0_Handler                                     src/ASF/sam/utils/cmsis/same70/source/templates/gcc/startup_same70.o
UART1_Handler                                     src/ASF/sam/utils/cmsis/same70/source/templates/gcc/startup_same70.o
UART2_Handler                                     src/ASF/sam/utils/cmsis/same70/source/templates/gcc/startup_same70.o
UART3_Handler                                     src/ASF/sam/utils/cmsis/same70/source/templates/gcc/startup_same70.o
UART4_Handler                                     src/ASF/sam/utils/cmsis/same70/source/templates/gcc/startup_same70.o
USART0_Handler                                    src/ASF/sam/utils/cmsis/same70/source/templates/gcc/startup_same70.o
USART1_Handler                                    src/ASF/sam/utils/cmsis/same70/source/templates/gcc/startup_same70.o
USART2_Handler                                    src/ASF/sam/utils/cmsis/same70/source/templates/gcc/startup_same70.o
USBHS_Handler                                     src/ASF/sam/utils/cmsis/same70/source/templates/gcc/startup_same70.o
UsageFault_Handler                                src/ASF/sam/utils/cmsis/same70/source/templates/gcc/startup_same70.o
WDT_Handler                                       src/ASF/sam/utils/cmsis/same70/source/templates/gcc/startup_same70.o
XDMAC_Handler                                     src/ASF/sam/utils/cmsis/same70/source/templates/gcc/startup_same70.o
_Jv_RegisterClasses                               c:/program files (x86)/atmel/studio/7.0/toolchain/arm/arm-gnu-toolchain/bin/../lib/gcc/arm-none-eabi/6.3.1/thumb/v7e-m/crtbegin.o
__atexit_recursive_mutex                          c:/program files (x86)/atmel/studio/7.0/toolchain/arm/arm-gnu-toolchain/bin/../lib/gcc/arm-none-eabi/6.3.1/../../../../arm-none-eabi/lib/thumb/v7e-m\libc.a(lib_a-__call_atexit.o)
                                                  c:/program files (x86)/atmel/studio/7.0/toolchain/arm/arm-gnu-toolchain/bin/../lib/gcc/arm-none-eabi/6.3.1/../../../../arm-none-eabi/lib/thumb/v7e-m\libc.a(lib_a-__atexit.o)
__bss_end__                                       c:/program files (x86)/atmel/studio/7.0/toolchain/arm/arm-gnu-toolchain/bin/../lib/gcc/arm-none-eabi/6.3.1/../../../../arm-none-eabi/lib/thumb/v7e-m/crt0.o
__bss_start__                                     c:/program files (x86)/atmel/studio/7.0/toolchain/arm/arm-gnu-toolchain/bin/../lib/gcc/arm-none-eabi/6.3.1/../../../../arm-none-eabi/lib/thumb/v7e-m/crt0.o
__call_exitprocs                                  c:/program files (x86)/atmel/studio/7.0/toolchain/arm/arm-gnu-toolchain/bin/../lib/gcc/arm-none-eabi/6.3.1/../../../../arm-none-eabi/lib/thumb/v7e-m\libc.a(lib_a-__call_atexit.o)
                                                  c:/program files (x86)/atmel/studio/7.0/toolchain/arm/arm-gnu-toolchain/bin/../lib/gcc/arm-none-eabi/6.3.1/../../../../arm-none-eabi/lib/thumb/v7e-m\libc.a(lib_a-exit.o)
__deregister_frame_info                           c:/program files (x86)/atmel/studio/7.0/toolchain/arm/arm-gnu-toolchain/bin/../lib/gcc/arm-none-eabi/6.3.1/thumb/v7e-m/crtbegin.o
__dso_handle                                      c:/program files (x86)/atmel/studio/7.0/toolchain/arm/arm-gnu-toolchain/bin/../lib/gcc/arm-none-eabi/6.3.1/thumb/v7e-m/crtbegin.o
__fini_array_end                                  c:/program files (x86)/atmel/studio/7.0/toolchain/arm/arm-gnu-toolchain/bin/../lib/gcc/arm-none-eabi/6.3.1/../../../../arm-none-eabi/lib/thumb/v7e-m\libc.a(lib_a-fini.o)
__fini_array_start                                c:/program files (x86)/atmel/studio/7.0/toolchain/arm/arm-gnu-toolchain/bin/../lib/gcc/arm-none-eabi/6.3.1/../../../../arm-none-eabi/lib/thumb/v7e-m\libc.a(lib_a-fini.o)
__init_array_end                                  c:/program files (x86)/atmel/studio/7.0/toolchain/arm/arm-gnu-toolchain/bin/../lib/gcc/arm-none-eabi/6.3.1/../../../../arm-none-eabi/lib/thumb/v7e-m\libc.a(lib_a-init.o)
__init_array_start                                c:/program files (x86)/atmel/studio/7.0/toolchain/arm/arm-gnu-toolchain/bin/../lib/gcc/arm-none-eabi/6.3.1/../../../../arm-none-eabi/lib/thumb/v7e-m\libc.a(lib_a-init.o)
__libc_fini                                       c:/program files (x86)/atmel/studio/7.0/toolchain/arm/arm-gnu-toolchain/bin/../lib/gcc/arm-none-eabi/6.3.1/../../../../arm-none-eabi/lib/thumb/v7e-m\libc.a(lib_a-__call_atexit.o)
__libc_fini_array                                 c:/program files (x86)/atmel/studio/7.0/toolchain/arm/arm-gnu-toolchain/bin/../lib/gcc/arm-none-eabi/6.3.1/../../../../arm-none-eabi/lib/thumb/v7e-m\libc.a(lib_a-fini.o)
                                                  c:/program files (x86)/atmel/studio/7.0/toolchain/arm/arm-gnu-toolchain/bin/../lib/gcc/arm-none-eabi/6.3.1/../../../../arm-none-eabi/lib/thumb/v7e-m\libc.a(lib_a-__call_atexit.o)
                                                  c:/program files (x86)/atmel/studio/7.0/toolchain/arm/arm-gnu-toolchain/bin/../lib/gcc/arm-none-eabi/6.3.1/../../../../arm-none-eabi/lib/thumb/v7e-m/crt0.o
__libc_init_array                                 c:/program files (x86)/atmel/studio/7.0/toolchain/arm/arm-gnu-toolchain/bin/../lib/gcc/arm-none-eabi/6.3.1/../../../../arm-none-eabi/lib/thumb/v7e-m\libc.a(lib_a-init.o)
                                                  src/ASF/sam/utils/cmsis/same70/source/templates/gcc/startup_same70.o
                                                  c:/program files (x86)/atmel/studio/7.0/toolchain/arm/arm-gnu-toolchain/bin/../lib/gcc/arm-none-eabi/6.3.1/../../../../arm-none-eabi/lib/thumb/v7e-m/crt0.o
__lock___arc4random_mutex                         c:/program files (x86)/atmel/studio/7.0/toolchain/arm/arm-gnu-toolchain/bin/../lib/gcc/arm-none-eabi/6.3.1/../../../../arm-none-eabi/lib/thumb/v7e-m\libc.a(lib_a-lock.o)
__lock___at_quick_exit_mutex                      c:/program files (x86)/atmel/studio/7.0/toolchain/arm/arm-gnu-toolchain/bin/../lib/gcc/arm-none-eabi/6.3.1/../../../../arm-none-eabi/lib/thumb/v7e-m\libc.a(lib_a-lock.o)
__lock___atexit_recursive_mutex                   c:/program files (x86)/atmel/studio/7.0/toolchain/arm/arm-gnu-toolchain/bin/../lib/gcc/arm-none-eabi/6.3.1/../../../../arm-none-eabi/lib/thumb/v7e-m\libc.a(lib_a-lock.o)
                                                  c:/program files (x86)/atmel/studio/7.0/toolchain/arm/arm-gnu-toolchain/bin/../lib/gcc/arm-none-eabi/6.3.1/../../../../arm-none-eabi/lib/thumb/v7e-m\libc.a(lib_a-__call_atexit.o)
__lock___dd_hash_mutex                            c:/program files (x86)/atmel/studio/7.0/toolchain/arm/arm-gnu-toolchain/bin/../lib/gcc/arm-none-eabi/6.3.1/../../../../arm-none-eabi/lib/thumb/v7e-m\libc.a(lib_a-lock.o)
__lock___env_recursive_mutex                      c:/program files (x86)/atmel/studio/7.0/toolchain/arm/arm-gnu-toolchain/bin/../lib/gcc/arm-none-eabi/6.3.1/../../../../arm-none-eabi/lib/thumb/v7e-m\libc.a(lib_a-lock.o)
__lock___malloc_recursive_mutex                   c:/program files (x86)/atmel/studio/7.0/toolchain/arm/arm-gnu-toolchain/bin/../lib/gcc/arm-none-eabi/6.3.1/../../../../arm-none-eabi/lib/thumb/v7e-m\libc.a(lib_a-lock.o)
__lock___sfp_recursive_mutex                      c:/program files (x86)/atmel/studio/7.0/toolchain/arm/arm-gnu-toolchain/bin/../lib/gcc/arm-none-eabi/6.3.1/../../../../arm-none-eabi/lib/thumb/v7e-m\libc.a(lib_a-lock.o)
__lock___sinit_recursive_mutex                    c:/program files (x86)/atmel/studio/7.0/toolchain/arm/arm-gnu-toolchain/bin/../lib/gcc/arm-none-eabi/6.3.1/../../../../arm-none-eabi/lib/thumb/v7e-m\libc.a(lib_a-lock.o)
__lock___tz_mutex                                 c:/program files (x86)/atmel/studio/7.0/toolchain/arm/arm-gnu-toolchain/bin/../lib/gcc/arm-none-eabi/6.3.1/../../../../arm-none-eabi/lib/thumb/v7e-m\libc.a(lib_a-lock.o)
__preinit_array_end                               c:/program files (x86)/atmel/studio/7.0/toolchain/arm/arm-gnu-toolchain/bin/../lib/gcc/arm-none-eabi/6.3.1/../../../../arm-none-eabi/lib/thumb/v7e-m\libc.a(lib_a-init.o)
__preinit_array_start                             c:/program files (x86)/atmel/studio/7.0/toolchain/arm/arm-gnu-toolchain/bin/../lib/gcc/arm-none-eabi/6.3.1/../../../../arm-none-eabi/lib/thumb/v7e-m\libc.a(lib_a-init.o)
__ram_end__                                       src/ASF/sam/utils/syscalls/gcc/syscalls.o
__register_exitproc                               c:/program files (x86)/atmel/studio/7.0/toolchain/arm/arm-gnu-toolchain/bin/../lib/gcc/arm-none-eabi/6.3.1/../../../../arm-none-eabi/lib/thumb/v7e-m\libc.a(lib_a-__atexit.o)
                                                  c:/program files (x86)/atmel/studio/7.0/toolchain/arm/arm-gnu-toolchain/bin/../lib/gcc/arm-none-eabi/6.3.1/../../../../arm-none-eabi/lib/thumb/v7e-m\libc.a(lib_a-atexit.o)
__register_frame_info                             c:/program files (x86)/atmel/studio/7.0/toolchain/arm/arm-gnu-toolchain/bin/../lib/gcc/arm-none-eabi/6.3.1/thumb/v7e-m/crtbegin.o
__retarget_lock_acquire                           c:/program files (x86)/atmel/studio/7.0/toolchain/arm/arm-gnu-toolchain/bin/../lib/gcc/arm-none-eabi/6.3.1/../../../../arm-none-eabi/lib/thumb/v7e-m\libc.a(lib_a-lock.o)
__retarget_lock_acquire_recursive                 c:/program files (x86)/atmel/studio/7.0/toolchain/arm/arm-gnu-toolchain/bin/../lib/gcc/arm-none-eabi/6.3.1/../../../../arm-none-eabi/lib/thumb/v7e-m\libc.a(lib_a-lock.o)
                                                  c:/program files (x86)/atmel/studio/7.0/toolchain/arm/arm-gnu-toolchain/bin/../lib/gcc/arm-none-eabi/6.3.1/../../../../arm-none-eabi/lib/thumb/v7e-m\libc.a(lib_a-__atexit.o)
                                                  c:/program files (x86)/atmel/studio/7.0/toolchain/arm/arm-gnu-toolchain/bin/../lib/gcc/arm-none-eabi/6.3.1/../../../../arm-none-eabi/lib/thumb/v7e-m\libc.a(lib_a-__call_atexit.o)
__retarget_lock_close                             c:/program files (x86)/atmel/studio/7.0/toolchain/arm/arm-gnu-toolchain/bin/../lib/gcc/arm-none-eabi/6.3.1/../../../../arm-none-eabi/lib/thumb/v7e-m\libc.a(lib_a-lock.o)
__retarget_lock_close_recursive                   c:/program files (x86)/atmel/studio/7.0/toolchain/arm/arm-gnu-toolchain/bin/../lib/gcc/arm-none-eabi/6.3.1/../../../../arm-none-eabi/lib/thumb/v7e-m\libc.a(lib_a-lock.o)
__retarget_lock_init                              c:/program files (x86)/atmel/studio/7.0/toolchain/arm/arm-gnu-toolchain/bin/../lib/gcc/arm-none-eabi/6.3.1/../../../../arm-none-eabi/lib/thumb/v7e-m\libc.a(lib_a-lock.o)
__retarget_lock_init_recursive                    c:/program files (x86)/atmel/studio/7.0/toolchain/arm/arm-gnu-toolchain/bin/../lib/gcc/arm-none-eabi/6.3.1/../../../../arm-none-eabi/lib/thumb/v7e-m\libc.a(lib_a-lock.o)
__retarget_lock_release                           c:/program files (x86)/atmel/studio/7.0/toolchain/arm/arm-gnu-toolchain/bin/../lib/gcc/arm-none-eabi/6.3.1/../../../../arm-none-eabi/lib/thumb/v7e-m\libc.a(lib_a-lock.o)
__retarget_lock_release_recursive                 c:/program files (x86)/atmel/studio/7.0/toolchain/arm/arm-gnu-toolchain/bin/../lib/gcc/arm-none-eabi/6.3.1/../../../../arm-none-eabi/lib/thumb/v7e-m\libc.a(lib_a-lock.o)
                                                  c:/program files (x86)/atmel/studio/7.0/toolchain/arm/arm-gnu-toolchain/bin/../lib/gcc/arm-none-eabi/6.3.1/../../../../arm-none-eabi/lib/thumb/v7e-m\libc.a(lib_a-__atexit.o)
                                                  c:/program files (x86)/atmel/studio/7.0/toolchain/arm/arm-gnu-toolchain/bin/../lib/gcc/arm-none-eabi/6.3.1/../../../../arm-none-eabi/lib/thumb/v7e-m\libc.a(lib_a-__call_atexit.o)
__retarget_lock_try_acquire                       c:/program files (x86)/atmel/studio/7.0/toolchain/arm/arm-gnu-toolchain/bin/../lib/gcc/arm-none-eabi/6.3.1/../../../../arm-none-eabi/lib/thumb/v7e-m\libc.a(lib_a-lock.o)
__retarget_lock_try_acquire_recursive             c:/program files (x86)/atmel/studio/7.0/toolchain/arm/arm-gnu-toolchain/bin/../lib/gcc/arm-none-eabi/6.3.1/../../../../arm-none-eabi/lib/thumb/v7e-m\libc.a(lib_a-lock.o)
__stack                                           c:/program files (x86)/atmel/studio/7.0/toolchain/arm/arm-gnu-toolchain/bin/../lib/gcc/arm-none-eabi/6.3.1/../../../../arm-none-eabi/lib/thumb/v7e-m/crt0.o
_close                                            src/ASF/sam/utils/syscalls/gcc/syscalls.o
_end                                              src/ASF/sam/utils/syscalls/gcc/syscalls.o
_erelocate                                        src/ASF/sam/utils/cmsis/same70/source/templates/gcc/startup_same70.o
_estack                                           src/ASF/sam/utils/cmsis/same70/source/templates/gcc/startup_same70.o
_etext                                            src/ASF/sam/utils/cmsis/same70/source/templates/gcc/startup_same70.o
_exit                                             src/ASF/sam/utils/syscalls/gcc/syscalls.o
                                                  c:/program files (x86)/atmel/studio/7.0/toolchain/arm/arm-gnu-toolchain/bin/../lib/gcc/arm-none-eabi/6.3.1/../../../../arm-none-eabi/lib/thumb/v7e-m\libc.a(lib_a-exit.o)
_ezero                                            src/ASF/sam/utils/cmsis/same70/source/templates/gcc/startup_same70.o
_fini                                             c:/program files (x86)/atmel/studio/7.0/toolchain/arm/arm-gnu-toolchain/bin/../lib/gcc/arm-none-eabi/6.3.1/thumb/v7e-m/crti.o
                                                  c:/program files (x86)/atmel/studio/7.0/toolchain/arm/arm-gnu-toolchain/bin/../lib/gcc/arm-none-eabi/6.3.1/../../../../arm-none-eabi/lib/thumb/v7e-m\libc.a(lib_a-fini.o)
_fstat                                            src/ASF/sam/utils/syscalls/gcc/syscalls.o
_getpid                                           src/ASF/sam/utils/syscalls/gcc/syscalls.o
_global_impure_ptr                                c:/program files (x86)/atmel/studio/7.0/toolchain/arm/arm-gnu-toolchain/bin/../lib/gcc/arm-none-eabi/6.3.1/../../../../arm-none-eabi/lib/thumb/v7e-m\libc.a(lib_a-impure.o)
                                                  c:/program files (x86)/atmel/studio/7.0/toolchain/arm/arm-gnu-toolchain/bin/../lib/gcc/arm-none-eabi/6.3.1/../../../../arm-none-eabi/lib/thumb/v7e-m\libc.a(lib_a-__atexit.o)
                                                  c:/program files (x86)/atmel/studio/7.0/toolchain/arm/arm-gnu-toolchain/bin/../lib/gcc/arm-none-eabi/6.3.1/../../../../arm-none-eabi/lib/thumb/v7e-m\libc.a(lib_a-__call_atexit.o)
                                                  c:/program files (x86)/atmel/studio/7.0/toolchain/arm/arm-gnu-toolchain/bin/../lib/gcc/arm-none-eabi/6.3.1/../../../../arm-none-eabi/lib/thumb/v7e-m\libc.a(lib_a-exit.o)
_impure_ptr                                       c:/program files (x86)/atmel/studio/7.0/toolchain/arm/arm-gnu-toolchain/bin/../lib/gcc/arm-none-eabi/6.3.1/../../../../arm-none-eabi/lib/thumb/v7e-m\libc.a(lib_a-impure.o)
_init                                             c:/program files (x86)/atmel/studio/7.0/toolchain/arm/arm-gnu-toolchain/bin/../lib/gcc/arm-none-eabi/6.3.1/thumb/v7e-m/crti.o
                                                  c:/program files (x86)/atmel/studio/7.0/toolchain/arm/arm-gnu-toolchain/bin/../lib/gcc/arm-none-eabi/6.3.1/../../../../arm-none-eabi/lib/thumb/v7e-m\libc.a(lib_a-init.o)
_isatty                                           src/ASF/sam/utils/syscalls/gcc/syscalls.o
_kill                                             src/ASF/sam/utils/syscalls/gcc/syscalls.o
_lseek                                            src/ASF/sam/utils/syscalls/gcc/syscalls.o
_mainCRTStartup                                   c:/program files (x86)/atmel/studio/7.0/toolchain/arm/arm-gnu-toolchain/bin/../lib/gcc/arm-none-eabi/6.3.1/../../../../arm-none-eabi/lib/thumb/v7e-m/crt0.o
_sbrk                                             src/ASF/sam/utils/syscalls/gcc/syscalls.o
_sfixed                                           src/ASF/sam/utils/cmsis/same70/source/templates/gcc/startup_same70.o
_srelocate                                        src/ASF/sam/utils/cmsis/same70/source/templates/gcc/startup_same70.o
_start                                            c:/program files (x86)/atmel/studio/7.0/toolchain/arm/arm-gnu-toolchain/bin/../lib/gcc/arm-none-eabi/6.3.1/../../../../arm-none-eabi/lib/thumb/v7e-m/crt0.o
_szero                                            src/ASF/sam/utils/cmsis/same70/source/templates/gcc/startup_same70.o
atexit                                            c:/program files (x86)/atmel/studio/7.0/toolchain/arm/arm-gnu-toolchain/bin/../lib/gcc/arm-none-eabi/6.3.1/../../../../arm-none-eabi/lib/thumb/v7e-m\libc.a(lib_a-atexit.o)
                                                  c:/program files (x86)/atmel/studio/7.0/toolchain/arm/arm-gnu-toolchain/bin/../lib/gcc/arm-none-eabi/6.3.1/../../../../arm-none-eabi/lib/thumb/v7e-m\libc.a(lib_a-__call_atexit.o)
                                                  c:/program files (x86)/atmel/studio/7.0/toolchain/arm/arm-gnu-toolchain/bin/../lib/gcc/arm-none-eabi/6.3.1/../../../../arm-none-eabi/lib/thumb/v7e-m/crt0.o
authorize                                         src/main.o
board_init                                        src/ASF/sam/boards/same70_xplained/init.o
                                                  src/main.o
center_callback                                   src/main.o
cpu_irq_enter_critical                            src/ASF/common/utils/interrupt/interrupt_sam_nvic.o
cpu_irq_leave_critical                            src/ASF/common/utils/interrupt/interrupt_sam_nvic.o
exception_table                                   src/ASF/sam/utils/cmsis/same70/source/templates/gcc/startup_same70.o
exit                                              c:/program files (x86)/atmel/studio/7.0/toolchain/arm/arm-gnu-toolchain/bin/../lib/gcc/arm-none-eabi/6.3.1/../../../../arm-none-eabi/lib/thumb/v7e-m\libc.a(lib_a-exit.o)
                                                  c:/program files (x86)/atmel/studio/7.0/toolchain/arm/arm-gnu-toolchain/bin/../lib/gcc/arm-none-eabi/6.3.1/../../../../arm-none-eabi/lib/thumb/v7e-m/crt0.o
flag_center                                       src/main.o
flag_left                                         src/main.o
flag_right                                        src/main.o
flag_rtt                                          src/main.o
flag_tc_center                                    src/main.o
flag_tc_left                                      src/main.o
flag_tc_right                                     src/main.o
free                                              c:/program files (x86)/atmel/studio/7.0/toolchain/arm/arm-gnu-toolchain/bin/../lib/gcc/arm-none-eabi/6.3.1/../../../../arm-none-eabi/lib/thumb/v7e-m\libc.a(lib_a-__call_atexit.o)
g_interrupt_enabled                               src/ASF/common/utils/interrupt/interrupt_sam_nvic.o
                                                  src/ASF/sam/utils/cmsis/same70/source/templates/gcc/startup_same70.o
                                                  src/ASF/sam/drivers/pmc/sleep.o
                                                  src/ASF/sam/drivers/mpu/mpu.o
gfx_mono_draw_char                                src/oled/gfx_mono_text.o
gfx_mono_draw_progmem_string                      src/oled/gfx_mono_text.o
gfx_mono_draw_string                              src/oled/gfx_mono_text.o
                                                  src/main.o
gfx_mono_framebuffer_draw_pixel                   src/oled/gfx_mono_framebuffer.o
gfx_mono_framebuffer_get_byte                     src/oled/gfx_mono_framebuffer.o
                                                  src/oled/gfx_mono_ug_2832hsweg04.o
gfx_mono_framebuffer_get_page                     src/oled/gfx_mono_framebuffer.o
                                                  src/oled/gfx_mono_ug_2832hsweg04.o
gfx_mono_framebuffer_get_pixel                    src/oled/gfx_mono_framebuffer.o
gfx_mono_framebuffer_mask_byte                    src/oled/gfx_mono_framebuffer.o
gfx_mono_framebuffer_put_byte                     src/oled/gfx_mono_framebuffer.o
                                                  src/oled/gfx_mono_ug_2832hsweg04.o
gfx_mono_framebuffer_put_page                     src/oled/gfx_mono_framebuffer.o
                                                  src/oled/gfx_mono_ug_2832hsweg04.o
gfx_mono_generic_draw_circle                      src/oled/gfx_mono_generic.o
gfx_mono_generic_draw_filled_circle               src/oled/gfx_mono_generic.o
gfx_mono_generic_draw_filled_rect                 src/oled/gfx_mono_generic.o
                                                  src/oled/gfx_mono_text.o
gfx_mono_generic_draw_horizontal_line             src/oled/gfx_mono_generic.o
gfx_mono_generic_draw_line                        src/oled/gfx_mono_generic.o
gfx_mono_generic_draw_rect                        src/oled/gfx_mono_generic.o
gfx_mono_generic_draw_vertical_line               src/oled/gfx_mono_generic.o
gfx_mono_generic_put_bitmap                       src/oled/gfx_mono_generic.o
gfx_mono_get_progmem_string_bounding_box          src/oled/gfx_mono_text.o
gfx_mono_get_string_bounding_box                  src/oled/gfx_mono_text.o
gfx_mono_set_framebuffer                          src/oled/gfx_mono_framebuffer.o
                                                  src/oled/gfx_mono_ug_2832hsweg04.o
gfx_mono_ssd1306_draw_pixel                       src/oled/gfx_mono_ug_2832hsweg04.o
                                                  src/oled/gfx_mono_text.o
                                                  src/oled/gfx_mono_generic.o
gfx_mono_ssd1306_get_byte                         src/oled/gfx_mono_ug_2832hsweg04.o
                                                  src/oled/gfx_mono_generic.o
                                                  src/oled/gfx_mono_framebuffer.o
gfx_mono_ssd1306_get_page                         src/oled/gfx_mono_ug_2832hsweg04.o
gfx_mono_ssd1306_get_pixel                        src/oled/gfx_mono_ug_2832hsweg04.o
gfx_mono_ssd1306_init                             src/oled/gfx_mono_ug_2832hsweg04.o
                                                  src/main.o
gfx_mono_ssd1306_mask_byte                        src/oled/gfx_mono_ug_2832hsweg04.o
                                                  src/oled/gfx_mono_generic.o
gfx_mono_ssd1306_put_byte                         src/oled/gfx_mono_ug_2832hsweg04.o
                                                  src/oled/gfx_mono_generic.o
                                                  src/oled/gfx_mono_framebuffer.o